TimeQuest Timing Analyzer report for mmc1
Sun Nov 10 17:03:09 2024
Quartus II 64-Bit Version 13.0.1 Build 232 06/12/2013 Service Pack 1 SJ Web Edition


---------------------
; Table of Contents ;
---------------------
  1. Legal Notice
  2. TimeQuest Timing Analyzer Summary
  3. Parallel Compilation
  4. Clocks
  5. Fmax Summary
  6. Setup Summary
  7. Hold Summary
  8. Recovery Summary
  9. Removal Summary
 10. Minimum Pulse Width Summary
 11. Setup: 'm2'
 12. Setup: 'romsel'
 13. Hold: 'm2'
 14. Hold: 'romsel'
 15. Minimum Pulse Width: 'm2'
 16. Minimum Pulse Width: 'romsel'
 17. Setup Times
 18. Hold Times
 19. Clock to Output Times
 20. Minimum Clock to Output Times
 21. Propagation Delay
 22. Minimum Propagation Delay
 23. Setup Transfers
 24. Hold Transfers
 25. Report TCCS
 26. Report RSKM
 27. Unconstrained Paths
 28. TimeQuest Timing Analyzer Messages



----------------
; Legal Notice ;
----------------
Copyright (C) 1991-2013 Altera Corporation
Your use of Altera Corporation's design tools, logic functions 
and other software and tools, and its AMPP partner logic 
functions, and any output files from any of the foregoing 
(including device programming or simulation files), and any 
associated documentation or information are expressly subject 
to the terms and conditions of the Altera Program License 
Subscription Agreement, Altera MegaCore Function License 
Agreement, or other applicable license agreement, including, 
without limitation, that your use is for the sole purpose of 
programming logic devices manufactured by Altera and sold by 
Altera or its authorized distributors.  Please refer to the 
applicable agreement for further details.



+----------------------------------------------------------------------------------------+
; TimeQuest Timing Analyzer Summary                                                      ;
+--------------------+-------------------------------------------------------------------+
; Quartus II Version ; Version 13.0.1 Build 232 06/12/2013 Service Pack 1 SJ Web Edition ;
; Revision Name      ; mmc1                                                              ;
; Device Family      ; MAX II                                                            ;
; Device Name        ; EPM240T100C5                                                      ;
; Timing Models      ; Final                                                             ;
; Delay Model        ; Slow Model                                                        ;
; Rise/Fall Delays   ; Unavailable                                                       ;
+--------------------+-------------------------------------------------------------------+


Parallel compilation was disabled, but you have multiple processors available. Enable parallel compilation to reduce compilation time.
+-------------------------------------+
; Parallel Compilation                ;
+----------------------------+--------+
; Processors                 ; Number ;
+----------------------------+--------+
; Number detected on machine ; 4      ;
; Maximum allowed            ; 1      ;
+----------------------------+--------+


+------------------------------------------------------------------------------------------------------------------------------------------------------------------------------------+
; Clocks                                                                                                                                                                             ;
+------------+------+--------+------------+-------+-------+------------+-----------+-------------+-------+--------+-----------+------------+----------+--------+--------+------------+
; Clock Name ; Type ; Period ; Frequency  ; Rise  ; Fall  ; Duty Cycle ; Divide by ; Multiply by ; Phase ; Offset ; Edge List ; Edge Shift ; Inverted ; Master ; Source ; Targets    ;
+------------+------+--------+------------+-------+-------+------------+-----------+-------------+-------+--------+-----------+------------+----------+--------+--------+------------+
; m2         ; Base ; 1.000  ; 1000.0 MHz ; 0.000 ; 0.500 ;            ;           ;             ;       ;        ;           ;            ;          ;        ;        ; { m2 }     ;
; romsel     ; Base ; 1.000  ; 1000.0 MHz ; 0.000 ; 0.500 ;            ;           ;             ;       ;        ;           ;            ;          ;        ;        ; { romsel } ;
+------------+------+--------+------------+-------+-------+------------+-----------+-------------+-------+--------+-----------+------------+----------+--------+--------+------------+


+--------------------------------------------------+
; Fmax Summary                                     ;
+------------+-----------------+------------+------+
; Fmax       ; Restricted Fmax ; Clock Name ; Note ;
+------------+-----------------+------------+------+
; 176.74 MHz ; 176.74 MHz      ; m2         ;      ;
+------------+-----------------+------------+------+
This panel reports FMAX for every clock in the design, regardless of the user-specified clock periods.  FMAX is only computed for paths where the source and destination registers or ports are driven by the same clock.  Paths of different clocks, including generated clocks, are ignored.  For paths between a clock and its inversion, FMAX is computed as if the rising and falling edges are scaled along with FMAX, such that the duty cycle (in terms of a percentage) is maintained. Altera recommends that you always use clock constraints and other slack reports for sign-off analysis.


+---------------------------------+
; Setup Summary                   ;
+--------+--------+---------------+
; Clock  ; Slack  ; End Point TNS ;
+--------+--------+---------------+
; m2     ; -4.658 ; -92.544       ;
; romsel ; -4.459 ; -19.954       ;
+--------+--------+---------------+


+--------------------------------+
; Hold Summary                   ;
+--------+-------+---------------+
; Clock  ; Slack ; End Point TNS ;
+--------+-------+---------------+
; m2     ; 1.381 ; 0.000         ;
; romsel ; 1.479 ; 0.000         ;
+--------+-------+---------------+


--------------------
; Recovery Summary ;
--------------------
No paths to report.


-------------------
; Removal Summary ;
-------------------
No paths to report.


+---------------------------------+
; Minimum Pulse Width Summary     ;
+--------+--------+---------------+
; Clock  ; Slack  ; End Point TNS ;
+--------+--------+---------------+
; m2     ; -2.289 ; -2.289        ;
; romsel ; -2.289 ; -2.289        ;
+--------+--------+---------------+


+----------------------------------------------------------------------------------------------------+
; Setup: 'm2'                                                                                        ;
+--------+-----------+---------+--------------+-------------+--------------+------------+------------+
; Slack  ; From Node ; To Node ; Launch Clock ; Latch Clock ; Relationship ; Clock Skew ; Data Delay ;
+--------+-----------+---------+--------------+-------------+--------------+------------+------------+
; -4.658 ; r0[1]     ; r1[4]   ; m2           ; m2          ; 1.000        ; 0.000      ; 5.325      ;
; -4.658 ; r0[1]     ; r1[1]   ; m2           ; m2          ; 1.000        ; 0.000      ; 5.325      ;
; -4.658 ; r0[1]     ; r1[0]   ; m2           ; m2          ; 1.000        ; 0.000      ; 5.325      ;
; -4.485 ; r0[1]     ; r1[2]   ; m2           ; m2          ; 1.000        ; 0.000      ; 5.152      ;
; -4.485 ; r0[1]     ; r1[3]   ; m2           ; m2          ; 1.000        ; 0.000      ; 5.152      ;
; -4.314 ; r0[1]     ; r4[1]   ; m2           ; m2          ; 1.000        ; 0.000      ; 4.981      ;
; -4.314 ; r0[1]     ; r4[2]   ; m2           ; m2          ; 1.000        ; 0.000      ; 4.981      ;
; -4.314 ; r0[1]     ; r4[3]   ; m2           ; m2          ; 1.000        ; 0.000      ; 4.981      ;
; -4.263 ; r0[1]     ; r4[0]   ; m2           ; m2          ; 1.000        ; 0.000      ; 4.930      ;
; -4.103 ; r0[1]     ; r3[0]   ; m2           ; m2          ; 1.000        ; 0.000      ; 4.770      ;
; -4.103 ; r0[1]     ; r3[1]   ; m2           ; m2          ; 1.000        ; 0.000      ; 4.770      ;
; -4.103 ; r0[1]     ; r3[2]   ; m2           ; m2          ; 1.000        ; 0.000      ; 4.770      ;
; -4.103 ; r0[1]     ; r3[3]   ; m2           ; m2          ; 1.000        ; 0.000      ; 4.770      ;
; -4.103 ; r0[1]     ; r3[4]   ; m2           ; m2          ; 1.000        ; 0.000      ; 4.770      ;
; -3.955 ; romsel    ; r1[4]   ; romsel       ; m2          ; 0.500        ; 3.458      ; 7.580      ;
; -3.955 ; romsel    ; r1[1]   ; romsel       ; m2          ; 0.500        ; 3.458      ; 7.580      ;
; -3.955 ; romsel    ; r1[0]   ; romsel       ; m2          ; 0.500        ; 3.458      ; 7.580      ;
; -3.647 ; r0[1]     ; r2[0]   ; m2           ; m2          ; 1.000        ; 0.000      ; 4.314      ;
; -3.647 ; r0[1]     ; r2[1]   ; m2           ; m2          ; 1.000        ; 0.000      ; 4.314      ;
; -3.647 ; r0[1]     ; r2[2]   ; m2           ; m2          ; 1.000        ; 0.000      ; 4.314      ;
; -3.647 ; r0[1]     ; r2[3]   ; m2           ; m2          ; 1.000        ; 0.000      ; 4.314      ;
; -3.647 ; r0[1]     ; r2[4]   ; m2           ; m2          ; 1.000        ; 0.000      ; 4.314      ;
; -3.611 ; romsel    ; r4[1]   ; romsel       ; m2          ; 0.500        ; 3.458      ; 7.236      ;
; -3.611 ; romsel    ; r4[2]   ; romsel       ; m2          ; 0.500        ; 3.458      ; 7.236      ;
; -3.611 ; romsel    ; r4[3]   ; romsel       ; m2          ; 0.500        ; 3.458      ; 7.236      ;
; -3.560 ; romsel    ; r4[0]   ; romsel       ; m2          ; 0.500        ; 3.458      ; 7.185      ;
; -3.455 ; romsel    ; r1[4]   ; romsel       ; m2          ; 1.000        ; 3.458      ; 7.580      ;
; -3.455 ; romsel    ; r1[1]   ; romsel       ; m2          ; 1.000        ; 3.458      ; 7.580      ;
; -3.455 ; romsel    ; r1[0]   ; romsel       ; m2          ; 1.000        ; 3.458      ; 7.580      ;
; -3.400 ; romsel    ; r3[0]   ; romsel       ; m2          ; 0.500        ; 3.458      ; 7.025      ;
; -3.400 ; romsel    ; r3[1]   ; romsel       ; m2          ; 0.500        ; 3.458      ; 7.025      ;
; -3.400 ; romsel    ; r3[2]   ; romsel       ; m2          ; 0.500        ; 3.458      ; 7.025      ;
; -3.400 ; romsel    ; r3[3]   ; romsel       ; m2          ; 0.500        ; 3.458      ; 7.025      ;
; -3.400 ; romsel    ; r3[4]   ; romsel       ; m2          ; 0.500        ; 3.458      ; 7.025      ;
; -3.111 ; romsel    ; r4[1]   ; romsel       ; m2          ; 1.000        ; 3.458      ; 7.236      ;
; -3.111 ; romsel    ; r4[2]   ; romsel       ; m2          ; 1.000        ; 3.458      ; 7.236      ;
; -3.111 ; romsel    ; r4[3]   ; romsel       ; m2          ; 1.000        ; 3.458      ; 7.236      ;
; -3.095 ; r0[5]     ; r0[4]   ; m2           ; m2          ; 1.000        ; 0.000      ; 3.762      ;
; -3.060 ; romsel    ; r4[0]   ; romsel       ; m2          ; 1.000        ; 3.458      ; 7.185      ;
; -3.009 ; r0[1]     ; r0[1]   ; m2           ; m2          ; 1.000        ; 0.000      ; 3.676      ;
; -2.944 ; romsel    ; r2[0]   ; romsel       ; m2          ; 0.500        ; 3.458      ; 6.569      ;
; -2.944 ; romsel    ; r2[1]   ; romsel       ; m2          ; 0.500        ; 3.458      ; 6.569      ;
; -2.944 ; romsel    ; r2[2]   ; romsel       ; m2          ; 0.500        ; 3.458      ; 6.569      ;
; -2.944 ; romsel    ; r2[3]   ; romsel       ; m2          ; 0.500        ; 3.458      ; 6.569      ;
; -2.944 ; romsel    ; r2[4]   ; romsel       ; m2          ; 0.500        ; 3.458      ; 6.569      ;
; -2.900 ; romsel    ; r3[0]   ; romsel       ; m2          ; 1.000        ; 3.458      ; 7.025      ;
; -2.900 ; romsel    ; r3[1]   ; romsel       ; m2          ; 1.000        ; 3.458      ; 7.025      ;
; -2.900 ; romsel    ; r3[2]   ; romsel       ; m2          ; 1.000        ; 3.458      ; 7.025      ;
; -2.900 ; romsel    ; r3[3]   ; romsel       ; m2          ; 1.000        ; 3.458      ; 7.025      ;
; -2.900 ; romsel    ; r3[4]   ; romsel       ; m2          ; 1.000        ; 3.458      ; 7.025      ;
; -2.751 ; r0[3]     ; r4[1]   ; m2           ; m2          ; 1.000        ; 0.000      ; 3.418      ;
; -2.615 ; r0[1]     ; r0[3]   ; m2           ; m2          ; 1.000        ; 0.000      ; 3.282      ;
; -2.612 ; r0[1]     ; r0[5]   ; m2           ; m2          ; 1.000        ; 0.000      ; 3.279      ;
; -2.577 ; r0[5]     ; r3[3]   ; m2           ; m2          ; 1.000        ; 0.000      ; 3.244      ;
; -2.575 ; r0[5]     ; r2[3]   ; m2           ; m2          ; 1.000        ; 0.000      ; 3.242      ;
; -2.444 ; romsel    ; r2[0]   ; romsel       ; m2          ; 1.000        ; 3.458      ; 6.569      ;
; -2.444 ; romsel    ; r2[1]   ; romsel       ; m2          ; 1.000        ; 3.458      ; 6.569      ;
; -2.444 ; romsel    ; r2[2]   ; romsel       ; m2          ; 1.000        ; 3.458      ; 6.569      ;
; -2.444 ; romsel    ; r2[3]   ; romsel       ; m2          ; 1.000        ; 3.458      ; 6.569      ;
; -2.444 ; romsel    ; r2[4]   ; romsel       ; m2          ; 1.000        ; 3.458      ; 6.569      ;
; -2.332 ; romsel    ; r1[2]   ; romsel       ; m2          ; 0.500        ; 3.458      ; 5.957      ;
; -2.332 ; romsel    ; r1[3]   ; romsel       ; m2          ; 0.500        ; 3.458      ; 5.957      ;
; -2.316 ; r0[5]     ; r1[3]   ; m2           ; m2          ; 1.000        ; 0.000      ; 2.983      ;
; -2.314 ; r0[3]     ; r0[2]   ; m2           ; m2          ; 1.000        ; 0.000      ; 2.981      ;
; -2.245 ; r0[1]     ; r0[2]   ; m2           ; m2          ; 1.000        ; 0.000      ; 2.912      ;
; -2.245 ; r0[1]     ; r0[4]   ; m2           ; m2          ; 1.000        ; 0.000      ; 2.912      ;
; -2.185 ; r0[4]     ; r0[3]   ; m2           ; m2          ; 1.000        ; 0.000      ; 2.852      ;
; -2.095 ; r0[2]     ; r0[1]   ; m2           ; m2          ; 1.000        ; 0.000      ; 2.762      ;
; -2.067 ; r0[3]     ; r2[1]   ; m2           ; m2          ; 1.000        ; 0.000      ; 2.734      ;
; -2.059 ; r0[3]     ; r3[1]   ; m2           ; m2          ; 1.000        ; 0.000      ; 2.726      ;
; -2.034 ; r0[4]     ; r4[2]   ; m2           ; m2          ; 1.000        ; 0.000      ; 2.701      ;
; -2.034 ; r0[5]     ; r4[3]   ; m2           ; m2          ; 1.000        ; 0.000      ; 2.701      ;
; -2.008 ; r0[2]     ; r1[0]   ; m2           ; m2          ; 1.000        ; 0.000      ; 2.675      ;
; -1.937 ; r0[2]     ; r4[0]   ; m2           ; m2          ; 1.000        ; 0.000      ; 2.604      ;
; -1.892 ; romsel    ; r0[1]   ; romsel       ; m2          ; 0.500        ; 3.458      ; 5.517      ;
; -1.832 ; romsel    ; r1[2]   ; romsel       ; m2          ; 1.000        ; 3.458      ; 5.957      ;
; -1.832 ; romsel    ; r1[3]   ; romsel       ; m2          ; 1.000        ; 3.458      ; 5.957      ;
; -1.817 ; romsel    ; r0[4]   ; romsel       ; m2          ; 0.500        ; 3.458      ; 5.442      ;
; -1.646 ; r0[4]     ; r2[2]   ; m2           ; m2          ; 1.000        ; 0.000      ; 2.313      ;
; -1.618 ; r0[4]     ; r1[2]   ; m2           ; m2          ; 1.000        ; 0.000      ; 2.285      ;
; -1.606 ; romsel    ; r0[2]   ; romsel       ; m2          ; 0.500        ; 3.458      ; 5.231      ;
; -1.525 ; romsel    ; r0[3]   ; romsel       ; m2          ; 0.500        ; 3.458      ; 5.150      ;
; -1.522 ; romsel    ; r0[5]   ; romsel       ; m2          ; 0.500        ; 3.458      ; 5.147      ;
; -1.392 ; romsel    ; r0[1]   ; romsel       ; m2          ; 1.000        ; 3.458      ; 5.517      ;
; -1.363 ; r0[2]     ; r2[0]   ; m2           ; m2          ; 1.000        ; 0.000      ; 2.030      ;
; -1.317 ; romsel    ; r0[4]   ; romsel       ; m2          ; 1.000        ; 3.458      ; 5.442      ;
; -1.106 ; romsel    ; r0[2]   ; romsel       ; m2          ; 1.000        ; 3.458      ; 5.231      ;
; -1.025 ; romsel    ; r0[3]   ; romsel       ; m2          ; 1.000        ; 3.458      ; 5.150      ;
; -1.022 ; romsel    ; r0[5]   ; romsel       ; m2          ; 1.000        ; 3.458      ; 5.147      ;
; -0.945 ; r0[2]     ; r3[0]   ; m2           ; m2          ; 1.000        ; 0.000      ; 1.612      ;
; -0.941 ; r0[4]     ; r3[2]   ; m2           ; m2          ; 1.000        ; 0.000      ; 1.608      ;
; -0.935 ; r0[3]     ; r1[1]   ; m2           ; m2          ; 1.000        ; 0.000      ; 1.602      ;
+--------+-----------+---------+--------------+-------------+--------------+------------+------------+


+---------------------------------------------------------------------------------------------------------------+
; Setup: 'romsel'                                                                                               ;
+--------+-----------+--------------------+--------------+-------------+--------------+------------+------------+
; Slack  ; From Node ; To Node            ; Launch Clock ; Latch Clock ; Relationship ; Clock Skew ; Data Delay ;
+--------+-----------+--------------------+--------------+-------------+--------------+------------+------------+
; -4.459 ; r1[3]     ; prg_addr[17]$latch ; m2           ; romsel      ; 0.500        ; 0.504      ; 3.016      ;
; -4.222 ; r1[3]     ; prg_addr[15]$latch ; m2           ; romsel      ; 0.500        ; 0.498      ; 3.097      ;
; -3.959 ; r1[3]     ; prg_addr[14]$latch ; m2           ; romsel      ; 0.500        ; 0.403      ; 2.905      ;
; -3.937 ; r1[2]     ; prg_addr[17]$latch ; m2           ; romsel      ; 0.500        ; 0.504      ; 2.494      ;
; -3.735 ; r1[3]     ; prg_addr[18]$latch ; m2           ; romsel      ; 0.500        ; 0.501      ; 2.612      ;
; -3.685 ; r1[2]     ; prg_addr[15]$latch ; m2           ; romsel      ; 0.500        ; 0.498      ; 2.560      ;
; -3.579 ; r1[3]     ; prg_addr[16]$latch ; m2           ; romsel      ; 0.500        ; 0.497      ; 2.609      ;
; -3.435 ; r1[2]     ; prg_addr[14]$latch ; m2           ; romsel      ; 0.500        ; 0.403      ; 2.381      ;
; -3.328 ; r4[3]     ; prg_addr[17]$latch ; m2           ; romsel      ; 0.500        ; 0.504      ; 1.885      ;
; -3.201 ; r1[2]     ; prg_addr[18]$latch ; m2           ; romsel      ; 0.500        ; 0.501      ; 2.078      ;
; -3.085 ; r4[1]     ; prg_addr[15]$latch ; m2           ; romsel      ; 0.500        ; 0.498      ; 1.960      ;
; -3.057 ; r1[2]     ; prg_addr[16]$latch ; m2           ; romsel      ; 0.500        ; 0.497      ; 2.087      ;
; -2.530 ; r4[0]     ; prg_addr[14]$latch ; m2           ; romsel      ; 0.500        ; 0.403      ; 1.476      ;
; -2.446 ; r4[2]     ; prg_addr[16]$latch ; m2           ; romsel      ; 0.500        ; 0.497      ; 1.476      ;
+--------+-----------+--------------------+--------------+-------------+--------------+------------+------------+


+---------------------------------------------------------------------------------------------------+
; Hold: 'm2'                                                                                        ;
+-------+-----------+---------+--------------+-------------+--------------+------------+------------+
; Slack ; From Node ; To Node ; Launch Clock ; Latch Clock ; Relationship ; Clock Skew ; Data Delay ;
+-------+-----------+---------+--------------+-------------+--------------+------------+------------+
; 1.381 ; r0[3]     ; r1[1]   ; m2           ; m2          ; 0.000        ; 0.000      ; 1.602      ;
; 1.387 ; r0[4]     ; r3[2]   ; m2           ; m2          ; 0.000        ; 0.000      ; 1.608      ;
; 1.391 ; r0[2]     ; r3[0]   ; m2           ; m2          ; 0.000        ; 0.000      ; 1.612      ;
; 1.468 ; romsel    ; r0[5]   ; romsel       ; m2          ; 0.000        ; 3.458      ; 5.147      ;
; 1.471 ; romsel    ; r0[3]   ; romsel       ; m2          ; 0.000        ; 3.458      ; 5.150      ;
; 1.552 ; romsel    ; r0[2]   ; romsel       ; m2          ; 0.000        ; 3.458      ; 5.231      ;
; 1.763 ; romsel    ; r0[4]   ; romsel       ; m2          ; 0.000        ; 3.458      ; 5.442      ;
; 1.765 ; romsel    ; r1[2]   ; romsel       ; m2          ; 0.000        ; 3.458      ; 5.444      ;
; 1.770 ; romsel    ; r1[3]   ; romsel       ; m2          ; 0.000        ; 3.458      ; 5.449      ;
; 1.809 ; r0[2]     ; r2[0]   ; m2           ; m2          ; 0.000        ; 0.000      ; 2.030      ;
; 1.838 ; romsel    ; r0[1]   ; romsel       ; m2          ; 0.000        ; 3.458      ; 5.517      ;
; 1.968 ; romsel    ; r0[5]   ; romsel       ; m2          ; -0.500       ; 3.458      ; 5.147      ;
; 1.971 ; romsel    ; r0[3]   ; romsel       ; m2          ; -0.500       ; 3.458      ; 5.150      ;
; 2.052 ; romsel    ; r0[2]   ; romsel       ; m2          ; -0.500       ; 3.458      ; 5.231      ;
; 2.064 ; r0[4]     ; r1[2]   ; m2           ; m2          ; 0.000        ; 0.000      ; 2.285      ;
; 2.092 ; r0[4]     ; r2[2]   ; m2           ; m2          ; 0.000        ; 0.000      ; 2.313      ;
; 2.263 ; romsel    ; r0[4]   ; romsel       ; m2          ; -0.500       ; 3.458      ; 5.442      ;
; 2.265 ; romsel    ; r1[2]   ; romsel       ; m2          ; -0.500       ; 3.458      ; 5.444      ;
; 2.270 ; romsel    ; r1[3]   ; romsel       ; m2          ; -0.500       ; 3.458      ; 5.449      ;
; 2.338 ; romsel    ; r0[1]   ; romsel       ; m2          ; -0.500       ; 3.458      ; 5.517      ;
; 2.383 ; r0[2]     ; r4[0]   ; m2           ; m2          ; 0.000        ; 0.000      ; 2.604      ;
; 2.454 ; r0[2]     ; r1[0]   ; m2           ; m2          ; 0.000        ; 0.000      ; 2.675      ;
; 2.480 ; r0[4]     ; r4[2]   ; m2           ; m2          ; 0.000        ; 0.000      ; 2.701      ;
; 2.480 ; r0[5]     ; r4[3]   ; m2           ; m2          ; 0.000        ; 0.000      ; 2.701      ;
; 2.505 ; r0[3]     ; r3[1]   ; m2           ; m2          ; 0.000        ; 0.000      ; 2.726      ;
; 2.513 ; r0[3]     ; r2[1]   ; m2           ; m2          ; 0.000        ; 0.000      ; 2.734      ;
; 2.541 ; r0[2]     ; r0[1]   ; m2           ; m2          ; 0.000        ; 0.000      ; 2.762      ;
; 2.631 ; r0[4]     ; r0[3]   ; m2           ; m2          ; 0.000        ; 0.000      ; 2.852      ;
; 2.691 ; r0[1]     ; r0[2]   ; m2           ; m2          ; 0.000        ; 0.000      ; 2.912      ;
; 2.691 ; r0[1]     ; r0[4]   ; m2           ; m2          ; 0.000        ; 0.000      ; 2.912      ;
; 2.760 ; r0[3]     ; r0[2]   ; m2           ; m2          ; 0.000        ; 0.000      ; 2.981      ;
; 2.762 ; r0[5]     ; r1[3]   ; m2           ; m2          ; 0.000        ; 0.000      ; 2.983      ;
; 2.890 ; romsel    ; r2[0]   ; romsel       ; m2          ; 0.000        ; 3.458      ; 6.569      ;
; 2.890 ; romsel    ; r2[1]   ; romsel       ; m2          ; 0.000        ; 3.458      ; 6.569      ;
; 2.890 ; romsel    ; r2[2]   ; romsel       ; m2          ; 0.000        ; 3.458      ; 6.569      ;
; 2.890 ; romsel    ; r2[3]   ; romsel       ; m2          ; 0.000        ; 3.458      ; 6.569      ;
; 2.890 ; romsel    ; r2[4]   ; romsel       ; m2          ; 0.000        ; 3.458      ; 6.569      ;
; 3.021 ; r0[5]     ; r2[3]   ; m2           ; m2          ; 0.000        ; 0.000      ; 3.242      ;
; 3.023 ; r0[5]     ; r3[3]   ; m2           ; m2          ; 0.000        ; 0.000      ; 3.244      ;
; 3.058 ; r0[1]     ; r0[5]   ; m2           ; m2          ; 0.000        ; 0.000      ; 3.279      ;
; 3.061 ; r0[1]     ; r0[3]   ; m2           ; m2          ; 0.000        ; 0.000      ; 3.282      ;
; 3.197 ; r0[3]     ; r4[1]   ; m2           ; m2          ; 0.000        ; 0.000      ; 3.418      ;
; 3.346 ; romsel    ; r3[0]   ; romsel       ; m2          ; 0.000        ; 3.458      ; 7.025      ;
; 3.346 ; romsel    ; r3[1]   ; romsel       ; m2          ; 0.000        ; 3.458      ; 7.025      ;
; 3.346 ; romsel    ; r3[2]   ; romsel       ; m2          ; 0.000        ; 3.458      ; 7.025      ;
; 3.346 ; romsel    ; r3[3]   ; romsel       ; m2          ; 0.000        ; 3.458      ; 7.025      ;
; 3.346 ; romsel    ; r3[4]   ; romsel       ; m2          ; 0.000        ; 3.458      ; 7.025      ;
; 3.390 ; romsel    ; r2[0]   ; romsel       ; m2          ; -0.500       ; 3.458      ; 6.569      ;
; 3.390 ; romsel    ; r2[1]   ; romsel       ; m2          ; -0.500       ; 3.458      ; 6.569      ;
; 3.390 ; romsel    ; r2[2]   ; romsel       ; m2          ; -0.500       ; 3.458      ; 6.569      ;
; 3.390 ; romsel    ; r2[3]   ; romsel       ; m2          ; -0.500       ; 3.458      ; 6.569      ;
; 3.390 ; romsel    ; r2[4]   ; romsel       ; m2          ; -0.500       ; 3.458      ; 6.569      ;
; 3.455 ; r0[1]     ; r0[1]   ; m2           ; m2          ; 0.000        ; 0.000      ; 3.676      ;
; 3.506 ; romsel    ; r4[0]   ; romsel       ; m2          ; 0.000        ; 3.458      ; 7.185      ;
; 3.541 ; r0[5]     ; r0[4]   ; m2           ; m2          ; 0.000        ; 0.000      ; 3.762      ;
; 3.557 ; romsel    ; r4[1]   ; romsel       ; m2          ; 0.000        ; 3.458      ; 7.236      ;
; 3.557 ; romsel    ; r4[2]   ; romsel       ; m2          ; 0.000        ; 3.458      ; 7.236      ;
; 3.557 ; romsel    ; r4[3]   ; romsel       ; m2          ; 0.000        ; 3.458      ; 7.236      ;
; 3.846 ; romsel    ; r3[0]   ; romsel       ; m2          ; -0.500       ; 3.458      ; 7.025      ;
; 3.846 ; romsel    ; r3[1]   ; romsel       ; m2          ; -0.500       ; 3.458      ; 7.025      ;
; 3.846 ; romsel    ; r3[2]   ; romsel       ; m2          ; -0.500       ; 3.458      ; 7.025      ;
; 3.846 ; romsel    ; r3[3]   ; romsel       ; m2          ; -0.500       ; 3.458      ; 7.025      ;
; 3.846 ; romsel    ; r3[4]   ; romsel       ; m2          ; -0.500       ; 3.458      ; 7.025      ;
; 3.901 ; romsel    ; r1[4]   ; romsel       ; m2          ; 0.000        ; 3.458      ; 7.580      ;
; 3.901 ; romsel    ; r1[1]   ; romsel       ; m2          ; 0.000        ; 3.458      ; 7.580      ;
; 3.901 ; romsel    ; r1[0]   ; romsel       ; m2          ; 0.000        ; 3.458      ; 7.580      ;
; 4.006 ; romsel    ; r4[0]   ; romsel       ; m2          ; -0.500       ; 3.458      ; 7.185      ;
; 4.057 ; romsel    ; r4[1]   ; romsel       ; m2          ; -0.500       ; 3.458      ; 7.236      ;
; 4.057 ; romsel    ; r4[2]   ; romsel       ; m2          ; -0.500       ; 3.458      ; 7.236      ;
; 4.057 ; romsel    ; r4[3]   ; romsel       ; m2          ; -0.500       ; 3.458      ; 7.236      ;
; 4.093 ; r0[1]     ; r2[0]   ; m2           ; m2          ; 0.000        ; 0.000      ; 4.314      ;
; 4.093 ; r0[1]     ; r2[1]   ; m2           ; m2          ; 0.000        ; 0.000      ; 4.314      ;
; 4.093 ; r0[1]     ; r2[2]   ; m2           ; m2          ; 0.000        ; 0.000      ; 4.314      ;
; 4.093 ; r0[1]     ; r2[3]   ; m2           ; m2          ; 0.000        ; 0.000      ; 4.314      ;
; 4.093 ; r0[1]     ; r2[4]   ; m2           ; m2          ; 0.000        ; 0.000      ; 4.314      ;
; 4.401 ; romsel    ; r1[4]   ; romsel       ; m2          ; -0.500       ; 3.458      ; 7.580      ;
; 4.401 ; romsel    ; r1[1]   ; romsel       ; m2          ; -0.500       ; 3.458      ; 7.580      ;
; 4.401 ; romsel    ; r1[0]   ; romsel       ; m2          ; -0.500       ; 3.458      ; 7.580      ;
; 4.549 ; r0[1]     ; r3[0]   ; m2           ; m2          ; 0.000        ; 0.000      ; 4.770      ;
; 4.549 ; r0[1]     ; r3[1]   ; m2           ; m2          ; 0.000        ; 0.000      ; 4.770      ;
; 4.549 ; r0[1]     ; r3[2]   ; m2           ; m2          ; 0.000        ; 0.000      ; 4.770      ;
; 4.549 ; r0[1]     ; r3[3]   ; m2           ; m2          ; 0.000        ; 0.000      ; 4.770      ;
; 4.549 ; r0[1]     ; r3[4]   ; m2           ; m2          ; 0.000        ; 0.000      ; 4.770      ;
; 4.709 ; r0[1]     ; r4[0]   ; m2           ; m2          ; 0.000        ; 0.000      ; 4.930      ;
; 4.760 ; r0[1]     ; r4[1]   ; m2           ; m2          ; 0.000        ; 0.000      ; 4.981      ;
; 4.760 ; r0[1]     ; r4[2]   ; m2           ; m2          ; 0.000        ; 0.000      ; 4.981      ;
; 4.760 ; r0[1]     ; r4[3]   ; m2           ; m2          ; 0.000        ; 0.000      ; 4.981      ;
; 4.931 ; r0[1]     ; r1[2]   ; m2           ; m2          ; 0.000        ; 0.000      ; 5.152      ;
; 4.931 ; r0[1]     ; r1[3]   ; m2           ; m2          ; 0.000        ; 0.000      ; 5.152      ;
; 5.104 ; r0[1]     ; r1[4]   ; m2           ; m2          ; 0.000        ; 0.000      ; 5.325      ;
; 5.104 ; r0[1]     ; r1[1]   ; m2           ; m2          ; 0.000        ; 0.000      ; 5.325      ;
; 5.104 ; r0[1]     ; r1[0]   ; m2           ; m2          ; 0.000        ; 0.000      ; 5.325      ;
+-------+-----------+---------+--------------+-------------+--------------+------------+------------+


+--------------------------------------------------------------------------------------------------------------+
; Hold: 'romsel'                                                                                               ;
+-------+-----------+--------------------+--------------+-------------+--------------+------------+------------+
; Slack ; From Node ; To Node            ; Launch Clock ; Latch Clock ; Relationship ; Clock Skew ; Data Delay ;
+-------+-----------+--------------------+--------------+-------------+--------------+------------+------------+
; 1.479 ; r4[2]     ; prg_addr[16]$latch ; m2           ; romsel      ; -0.500       ; 0.497      ; 1.476      ;
; 1.573 ; r4[0]     ; prg_addr[14]$latch ; m2           ; romsel      ; -0.500       ; 0.403      ; 1.476      ;
; 1.881 ; r4[3]     ; prg_addr[17]$latch ; m2           ; romsel      ; -0.500       ; 0.504      ; 1.885      ;
; 1.962 ; r4[1]     ; prg_addr[15]$latch ; m2           ; romsel      ; -0.500       ; 0.498      ; 1.960      ;
; 2.077 ; r1[2]     ; prg_addr[18]$latch ; m2           ; romsel      ; -0.500       ; 0.501      ; 2.078      ;
; 2.090 ; r1[2]     ; prg_addr[16]$latch ; m2           ; romsel      ; -0.500       ; 0.497      ; 2.087      ;
; 2.478 ; r1[2]     ; prg_addr[14]$latch ; m2           ; romsel      ; -0.500       ; 0.403      ; 2.381      ;
; 2.490 ; r1[2]     ; prg_addr[17]$latch ; m2           ; romsel      ; -0.500       ; 0.504      ; 2.494      ;
; 2.562 ; r1[2]     ; prg_addr[15]$latch ; m2           ; romsel      ; -0.500       ; 0.498      ; 2.560      ;
; 2.611 ; r1[3]     ; prg_addr[18]$latch ; m2           ; romsel      ; -0.500       ; 0.501      ; 2.612      ;
; 2.612 ; r1[3]     ; prg_addr[16]$latch ; m2           ; romsel      ; -0.500       ; 0.497      ; 2.609      ;
; 3.002 ; r1[3]     ; prg_addr[14]$latch ; m2           ; romsel      ; -0.500       ; 0.403      ; 2.905      ;
; 3.012 ; r1[3]     ; prg_addr[17]$latch ; m2           ; romsel      ; -0.500       ; 0.504      ; 3.016      ;
; 3.099 ; r1[3]     ; prg_addr[15]$latch ; m2           ; romsel      ; -0.500       ; 0.498      ; 3.097      ;
+-------+-----------+--------------------+--------------+-------------+--------------+------------+------------+


+---------------------------------------------------------------------------------------------+
; Minimum Pulse Width: 'm2'                                                                   ;
+--------+--------------+----------------+------------------+-------+------------+------------+
; Slack  ; Actual Width ; Required Width ; Type             ; Clock ; Clock Edge ; Target     ;
+--------+--------------+----------------+------------------+-------+------------+------------+
; -2.289 ; 1.000        ; 3.289          ; Port Rate        ; m2    ; Rise       ; m2         ;
; 0.234  ; 0.500        ; 0.266          ; High Pulse Width ; m2    ; Fall       ; r0[1]      ;
; 0.234  ; 0.500        ; 0.266          ; Low Pulse Width  ; m2    ; Fall       ; r0[1]      ;
; 0.234  ; 0.500        ; 0.266          ; High Pulse Width ; m2    ; Fall       ; r0[2]      ;
; 0.234  ; 0.500        ; 0.266          ; Low Pulse Width  ; m2    ; Fall       ; r0[2]      ;
; 0.234  ; 0.500        ; 0.266          ; High Pulse Width ; m2    ; Fall       ; r0[3]      ;
; 0.234  ; 0.500        ; 0.266          ; Low Pulse Width  ; m2    ; Fall       ; r0[3]      ;
; 0.234  ; 0.500        ; 0.266          ; High Pulse Width ; m2    ; Fall       ; r0[4]      ;
; 0.234  ; 0.500        ; 0.266          ; Low Pulse Width  ; m2    ; Fall       ; r0[4]      ;
; 0.234  ; 0.500        ; 0.266          ; High Pulse Width ; m2    ; Fall       ; r0[5]      ;
; 0.234  ; 0.500        ; 0.266          ; Low Pulse Width  ; m2    ; Fall       ; r0[5]      ;
; 0.234  ; 0.500        ; 0.266          ; High Pulse Width ; m2    ; Fall       ; r1[0]      ;
; 0.234  ; 0.500        ; 0.266          ; Low Pulse Width  ; m2    ; Fall       ; r1[0]      ;
; 0.234  ; 0.500        ; 0.266          ; High Pulse Width ; m2    ; Fall       ; r1[1]      ;
; 0.234  ; 0.500        ; 0.266          ; Low Pulse Width  ; m2    ; Fall       ; r1[1]      ;
; 0.234  ; 0.500        ; 0.266          ; High Pulse Width ; m2    ; Fall       ; r1[2]      ;
; 0.234  ; 0.500        ; 0.266          ; Low Pulse Width  ; m2    ; Fall       ; r1[2]      ;
; 0.234  ; 0.500        ; 0.266          ; High Pulse Width ; m2    ; Fall       ; r1[3]      ;
; 0.234  ; 0.500        ; 0.266          ; Low Pulse Width  ; m2    ; Fall       ; r1[3]      ;
; 0.234  ; 0.500        ; 0.266          ; High Pulse Width ; m2    ; Fall       ; r1[4]      ;
; 0.234  ; 0.500        ; 0.266          ; Low Pulse Width  ; m2    ; Fall       ; r1[4]      ;
; 0.234  ; 0.500        ; 0.266          ; High Pulse Width ; m2    ; Fall       ; r2[0]      ;
; 0.234  ; 0.500        ; 0.266          ; Low Pulse Width  ; m2    ; Fall       ; r2[0]      ;
; 0.234  ; 0.500        ; 0.266          ; High Pulse Width ; m2    ; Fall       ; r2[1]      ;
; 0.234  ; 0.500        ; 0.266          ; Low Pulse Width  ; m2    ; Fall       ; r2[1]      ;
; 0.234  ; 0.500        ; 0.266          ; High Pulse Width ; m2    ; Fall       ; r2[2]      ;
; 0.234  ; 0.500        ; 0.266          ; Low Pulse Width  ; m2    ; Fall       ; r2[2]      ;
; 0.234  ; 0.500        ; 0.266          ; High Pulse Width ; m2    ; Fall       ; r2[3]      ;
; 0.234  ; 0.500        ; 0.266          ; Low Pulse Width  ; m2    ; Fall       ; r2[3]      ;
; 0.234  ; 0.500        ; 0.266          ; High Pulse Width ; m2    ; Fall       ; r2[4]      ;
; 0.234  ; 0.500        ; 0.266          ; Low Pulse Width  ; m2    ; Fall       ; r2[4]      ;
; 0.234  ; 0.500        ; 0.266          ; High Pulse Width ; m2    ; Fall       ; r3[0]      ;
; 0.234  ; 0.500        ; 0.266          ; Low Pulse Width  ; m2    ; Fall       ; r3[0]      ;
; 0.234  ; 0.500        ; 0.266          ; High Pulse Width ; m2    ; Fall       ; r3[1]      ;
; 0.234  ; 0.500        ; 0.266          ; Low Pulse Width  ; m2    ; Fall       ; r3[1]      ;
; 0.234  ; 0.500        ; 0.266          ; High Pulse Width ; m2    ; Fall       ; r3[2]      ;
; 0.234  ; 0.500        ; 0.266          ; Low Pulse Width  ; m2    ; Fall       ; r3[2]      ;
; 0.234  ; 0.500        ; 0.266          ; High Pulse Width ; m2    ; Fall       ; r3[3]      ;
; 0.234  ; 0.500        ; 0.266          ; Low Pulse Width  ; m2    ; Fall       ; r3[3]      ;
; 0.234  ; 0.500        ; 0.266          ; High Pulse Width ; m2    ; Fall       ; r3[4]      ;
; 0.234  ; 0.500        ; 0.266          ; Low Pulse Width  ; m2    ; Fall       ; r3[4]      ;
; 0.234  ; 0.500        ; 0.266          ; High Pulse Width ; m2    ; Fall       ; r4[0]      ;
; 0.234  ; 0.500        ; 0.266          ; Low Pulse Width  ; m2    ; Fall       ; r4[0]      ;
; 0.234  ; 0.500        ; 0.266          ; High Pulse Width ; m2    ; Fall       ; r4[1]      ;
; 0.234  ; 0.500        ; 0.266          ; Low Pulse Width  ; m2    ; Fall       ; r4[1]      ;
; 0.234  ; 0.500        ; 0.266          ; High Pulse Width ; m2    ; Fall       ; r4[2]      ;
; 0.234  ; 0.500        ; 0.266          ; Low Pulse Width  ; m2    ; Fall       ; r4[2]      ;
; 0.234  ; 0.500        ; 0.266          ; High Pulse Width ; m2    ; Fall       ; r4[3]      ;
; 0.234  ; 0.500        ; 0.266          ; Low Pulse Width  ; m2    ; Fall       ; r4[3]      ;
; 0.500  ; 0.500        ; 0.000          ; High Pulse Width ; m2    ; Rise       ; m2|combout ;
; 0.500  ; 0.500        ; 0.000          ; Low Pulse Width  ; m2    ; Rise       ; m2|combout ;
; 0.500  ; 0.500        ; 0.000          ; High Pulse Width ; m2    ; Rise       ; r0[1]|clk  ;
; 0.500  ; 0.500        ; 0.000          ; Low Pulse Width  ; m2    ; Rise       ; r0[1]|clk  ;
; 0.500  ; 0.500        ; 0.000          ; High Pulse Width ; m2    ; Rise       ; r0[2]|clk  ;
; 0.500  ; 0.500        ; 0.000          ; Low Pulse Width  ; m2    ; Rise       ; r0[2]|clk  ;
; 0.500  ; 0.500        ; 0.000          ; High Pulse Width ; m2    ; Rise       ; r0[3]|clk  ;
; 0.500  ; 0.500        ; 0.000          ; Low Pulse Width  ; m2    ; Rise       ; r0[3]|clk  ;
; 0.500  ; 0.500        ; 0.000          ; High Pulse Width ; m2    ; Rise       ; r0[4]|clk  ;
; 0.500  ; 0.500        ; 0.000          ; Low Pulse Width  ; m2    ; Rise       ; r0[4]|clk  ;
; 0.500  ; 0.500        ; 0.000          ; High Pulse Width ; m2    ; Rise       ; r0[5]|clk  ;
; 0.500  ; 0.500        ; 0.000          ; Low Pulse Width  ; m2    ; Rise       ; r0[5]|clk  ;
; 0.500  ; 0.500        ; 0.000          ; High Pulse Width ; m2    ; Rise       ; r1[0]|clk  ;
; 0.500  ; 0.500        ; 0.000          ; Low Pulse Width  ; m2    ; Rise       ; r1[0]|clk  ;
; 0.500  ; 0.500        ; 0.000          ; High Pulse Width ; m2    ; Rise       ; r1[1]|clk  ;
; 0.500  ; 0.500        ; 0.000          ; Low Pulse Width  ; m2    ; Rise       ; r1[1]|clk  ;
; 0.500  ; 0.500        ; 0.000          ; High Pulse Width ; m2    ; Rise       ; r1[2]|clk  ;
; 0.500  ; 0.500        ; 0.000          ; Low Pulse Width  ; m2    ; Rise       ; r1[2]|clk  ;
; 0.500  ; 0.500        ; 0.000          ; High Pulse Width ; m2    ; Rise       ; r1[3]|clk  ;
; 0.500  ; 0.500        ; 0.000          ; Low Pulse Width  ; m2    ; Rise       ; r1[3]|clk  ;
; 0.500  ; 0.500        ; 0.000          ; High Pulse Width ; m2    ; Rise       ; r1[4]|clk  ;
; 0.500  ; 0.500        ; 0.000          ; Low Pulse Width  ; m2    ; Rise       ; r1[4]|clk  ;
; 0.500  ; 0.500        ; 0.000          ; High Pulse Width ; m2    ; Rise       ; r2[0]|clk  ;
; 0.500  ; 0.500        ; 0.000          ; Low Pulse Width  ; m2    ; Rise       ; r2[0]|clk  ;
; 0.500  ; 0.500        ; 0.000          ; High Pulse Width ; m2    ; Rise       ; r2[1]|clk  ;
; 0.500  ; 0.500        ; 0.000          ; Low Pulse Width  ; m2    ; Rise       ; r2[1]|clk  ;
; 0.500  ; 0.500        ; 0.000          ; High Pulse Width ; m2    ; Rise       ; r2[2]|clk  ;
; 0.500  ; 0.500        ; 0.000          ; Low Pulse Width  ; m2    ; Rise       ; r2[2]|clk  ;
; 0.500  ; 0.500        ; 0.000          ; High Pulse Width ; m2    ; Rise       ; r2[3]|clk  ;
; 0.500  ; 0.500        ; 0.000          ; Low Pulse Width  ; m2    ; Rise       ; r2[3]|clk  ;
; 0.500  ; 0.500        ; 0.000          ; High Pulse Width ; m2    ; Rise       ; r2[4]|clk  ;
; 0.500  ; 0.500        ; 0.000          ; Low Pulse Width  ; m2    ; Rise       ; r2[4]|clk  ;
; 0.500  ; 0.500        ; 0.000          ; High Pulse Width ; m2    ; Rise       ; r3[0]|clk  ;
; 0.500  ; 0.500        ; 0.000          ; Low Pulse Width  ; m2    ; Rise       ; r3[0]|clk  ;
; 0.500  ; 0.500        ; 0.000          ; High Pulse Width ; m2    ; Rise       ; r3[1]|clk  ;
; 0.500  ; 0.500        ; 0.000          ; Low Pulse Width  ; m2    ; Rise       ; r3[1]|clk  ;
; 0.500  ; 0.500        ; 0.000          ; High Pulse Width ; m2    ; Rise       ; r3[2]|clk  ;
; 0.500  ; 0.500        ; 0.000          ; Low Pulse Width  ; m2    ; Rise       ; r3[2]|clk  ;
; 0.500  ; 0.500        ; 0.000          ; High Pulse Width ; m2    ; Rise       ; r3[3]|clk  ;
; 0.500  ; 0.500        ; 0.000          ; Low Pulse Width  ; m2    ; Rise       ; r3[3]|clk  ;
; 0.500  ; 0.500        ; 0.000          ; High Pulse Width ; m2    ; Rise       ; r3[4]|clk  ;
; 0.500  ; 0.500        ; 0.000          ; Low Pulse Width  ; m2    ; Rise       ; r3[4]|clk  ;
; 0.500  ; 0.500        ; 0.000          ; High Pulse Width ; m2    ; Rise       ; r4[0]|clk  ;
; 0.500  ; 0.500        ; 0.000          ; Low Pulse Width  ; m2    ; Rise       ; r4[0]|clk  ;
; 0.500  ; 0.500        ; 0.000          ; High Pulse Width ; m2    ; Rise       ; r4[1]|clk  ;
; 0.500  ; 0.500        ; 0.000          ; Low Pulse Width  ; m2    ; Rise       ; r4[1]|clk  ;
; 0.500  ; 0.500        ; 0.000          ; High Pulse Width ; m2    ; Rise       ; r4[2]|clk  ;
; 0.500  ; 0.500        ; 0.000          ; Low Pulse Width  ; m2    ; Rise       ; r4[2]|clk  ;
; 0.500  ; 0.500        ; 0.000          ; High Pulse Width ; m2    ; Rise       ; r4[3]|clk  ;
; 0.500  ; 0.500        ; 0.000          ; Low Pulse Width  ; m2    ; Rise       ; r4[3]|clk  ;
+--------+--------------+----------------+------------------+-------+------------+------------+


+------------------------------------------------------------------------------------------------------------+
; Minimum Pulse Width: 'romsel'                                                                              ;
+--------+--------------+----------------+------------------+--------+------------+--------------------------+
; Slack  ; Actual Width ; Required Width ; Type             ; Clock  ; Clock Edge ; Target                   ;
+--------+--------------+----------------+------------------+--------+------------+--------------------------+
; -2.289 ; 1.000        ; 3.289          ; Port Rate        ; romsel ; Rise       ; romsel                   ;
; 0.500  ; 0.500        ; 0.000          ; High Pulse Width ; romsel ; Rise       ; prg_addr[13]$latch       ;
; 0.500  ; 0.500        ; 0.000          ; Low Pulse Width  ; romsel ; Rise       ; prg_addr[13]$latch       ;
; 0.500  ; 0.500        ; 0.000          ; High Pulse Width ; romsel ; Rise       ; prg_addr[13]$latch|datac ;
; 0.500  ; 0.500        ; 0.000          ; Low Pulse Width  ; romsel ; Rise       ; prg_addr[13]$latch|datac ;
; 0.500  ; 0.500        ; 0.000          ; High Pulse Width ; romsel ; Rise       ; prg_addr[14]$latch       ;
; 0.500  ; 0.500        ; 0.000          ; Low Pulse Width  ; romsel ; Rise       ; prg_addr[14]$latch       ;
; 0.500  ; 0.500        ; 0.000          ; High Pulse Width ; romsel ; Rise       ; prg_addr[14]$latch|datac ;
; 0.500  ; 0.500        ; 0.000          ; Low Pulse Width  ; romsel ; Rise       ; prg_addr[14]$latch|datac ;
; 0.500  ; 0.500        ; 0.000          ; High Pulse Width ; romsel ; Rise       ; prg_addr[15]$latch       ;
; 0.500  ; 0.500        ; 0.000          ; Low Pulse Width  ; romsel ; Rise       ; prg_addr[15]$latch       ;
; 0.500  ; 0.500        ; 0.000          ; High Pulse Width ; romsel ; Rise       ; prg_addr[15]$latch|datac ;
; 0.500  ; 0.500        ; 0.000          ; Low Pulse Width  ; romsel ; Rise       ; prg_addr[15]$latch|datac ;
; 0.500  ; 0.500        ; 0.000          ; High Pulse Width ; romsel ; Rise       ; prg_addr[16]$latch       ;
; 0.500  ; 0.500        ; 0.000          ; Low Pulse Width  ; romsel ; Rise       ; prg_addr[16]$latch       ;
; 0.500  ; 0.500        ; 0.000          ; High Pulse Width ; romsel ; Rise       ; prg_addr[16]$latch|datac ;
; 0.500  ; 0.500        ; 0.000          ; Low Pulse Width  ; romsel ; Rise       ; prg_addr[16]$latch|datac ;
; 0.500  ; 0.500        ; 0.000          ; High Pulse Width ; romsel ; Rise       ; prg_addr[17]$latch       ;
; 0.500  ; 0.500        ; 0.000          ; Low Pulse Width  ; romsel ; Rise       ; prg_addr[17]$latch       ;
; 0.500  ; 0.500        ; 0.000          ; High Pulse Width ; romsel ; Rise       ; prg_addr[17]$latch|datac ;
; 0.500  ; 0.500        ; 0.000          ; Low Pulse Width  ; romsel ; Rise       ; prg_addr[17]$latch|datac ;
; 0.500  ; 0.500        ; 0.000          ; High Pulse Width ; romsel ; Rise       ; prg_addr[18]$latch       ;
; 0.500  ; 0.500        ; 0.000          ; Low Pulse Width  ; romsel ; Rise       ; prg_addr[18]$latch       ;
; 0.500  ; 0.500        ; 0.000          ; High Pulse Width ; romsel ; Rise       ; prg_addr[18]$latch|datac ;
; 0.500  ; 0.500        ; 0.000          ; Low Pulse Width  ; romsel ; Rise       ; prg_addr[18]$latch|datac ;
; 0.500  ; 0.500        ; 0.000          ; High Pulse Width ; romsel ; Rise       ; romsel|combout           ;
; 0.500  ; 0.500        ; 0.000          ; Low Pulse Width  ; romsel ; Rise       ; romsel|combout           ;
+--------+--------------+----------------+------------------+--------+------------+--------------------------+


+---------------------------------------------------------------------------+
; Setup Times                                                               ;
+---------------+------------+-------+-------+------------+-----------------+
; Data Port     ; Clock Port ; Rise  ; Fall  ; Clock Edge ; Clock Reference ;
+---------------+------------+-------+-------+------------+-----------------+
; cpu_addr[*]   ; m2         ; 7.962 ; 7.962 ; Fall       ; m2              ;
;  cpu_addr[13] ; m2         ; 7.962 ; 7.962 ; Fall       ; m2              ;
;  cpu_addr[14] ; m2         ; 7.741 ; 7.741 ; Fall       ; m2              ;
; cpu_data[*]   ; m2         ; 7.246 ; 7.246 ; Fall       ; m2              ;
;  cpu_data[0]  ; m2         ; 4.075 ; 4.075 ; Fall       ; m2              ;
;  cpu_data[7]  ; m2         ; 7.246 ; 7.246 ; Fall       ; m2              ;
; cpu_rw        ; m2         ; 7.667 ; 7.667 ; Fall       ; m2              ;
; romsel        ; m2         ; 4.455 ; 4.455 ; Fall       ; m2              ;
; cpu_addr[*]   ; romsel     ; 6.501 ; 6.501 ; Rise       ; romsel          ;
;  cpu_addr[13] ; romsel     ; 3.827 ; 3.827 ; Rise       ; romsel          ;
;  cpu_addr[14] ; romsel     ; 6.501 ; 6.501 ; Rise       ; romsel          ;
+---------------+------------+-------+-------+------------+-----------------+


+-----------------------------------------------------------------------------+
; Hold Times                                                                  ;
+---------------+------------+--------+--------+------------+-----------------+
; Data Port     ; Clock Port ; Rise   ; Fall   ; Clock Edge ; Clock Reference ;
+---------------+------------+--------+--------+------------+-----------------+
; cpu_addr[*]   ; m2         ; -5.375 ; -5.375 ; Fall       ; m2              ;
;  cpu_addr[13] ; m2         ; -5.627 ; -5.627 ; Fall       ; m2              ;
;  cpu_addr[14] ; m2         ; -5.375 ; -5.375 ; Fall       ; m2              ;
; cpu_data[*]   ; m2         ; -2.689 ; -2.689 ; Fall       ; m2              ;
;  cpu_data[0]  ; m2         ; -2.689 ; -2.689 ; Fall       ; m2              ;
;  cpu_data[7]  ; m2         ; -2.915 ; -2.915 ; Fall       ; m2              ;
; cpu_rw        ; m2         ; -3.017 ; -3.017 ; Fall       ; m2              ;
; romsel        ; m2         ; -1.468 ; -1.468 ; Fall       ; m2              ;
; cpu_addr[*]   ; romsel     ; -2.407 ; -2.407 ; Rise       ; romsel          ;
;  cpu_addr[13] ; romsel     ; -2.407 ; -2.407 ; Rise       ; romsel          ;
;  cpu_addr[14] ; romsel     ; -3.640 ; -3.640 ; Rise       ; romsel          ;
+---------------+------------+--------+--------+------------+-----------------+


+-----------------------------------------------------------------------------+
; Clock to Output Times                                                       ;
+---------------+------------+--------+--------+------------+-----------------+
; Data Port     ; Clock Port ; Rise   ; Fall   ; Clock Edge ; Clock Reference ;
+---------------+------------+--------+--------+------------+-----------------+
; chr_addr[*]   ; m2         ; 11.447 ; 11.447 ; Fall       ; m2              ;
;  chr_addr[12] ; m2         ; 11.447 ; 11.447 ; Fall       ; m2              ;
;  chr_addr[13] ; m2         ; 10.888 ; 10.888 ; Fall       ; m2              ;
;  chr_addr[14] ; m2         ; 10.889 ; 10.889 ; Fall       ; m2              ;
;  chr_addr[15] ; m2         ; 10.730 ; 10.730 ; Fall       ; m2              ;
;  chr_addr[16] ; m2         ; 10.879 ; 10.879 ; Fall       ; m2              ;
; ciram_a10     ; m2         ; 9.202  ; 9.202  ; Fall       ; m2              ;
; prg_addr[*]   ; romsel     ; 8.869  ; 8.869  ; Rise       ; romsel          ;
;  prg_addr[13] ; romsel     ; 6.827  ; 6.827  ; Rise       ; romsel          ;
;  prg_addr[14] ; romsel     ; 8.563  ; 8.563  ; Rise       ; romsel          ;
;  prg_addr[15] ; romsel     ; 8.869  ; 8.869  ; Rise       ; romsel          ;
;  prg_addr[16] ; romsel     ; 8.818  ; 8.818  ; Rise       ; romsel          ;
;  prg_addr[17] ; romsel     ; 8.297  ; 8.297  ; Rise       ; romsel          ;
;  prg_addr[18] ; romsel     ; 8.125  ; 8.125  ; Rise       ; romsel          ;
; prg_ce        ; romsel     ; 5.664  ; 5.664  ; Rise       ; romsel          ;
; prg_oe        ; romsel     ; 8.780  ; 8.780  ; Rise       ; romsel          ;
; prg_we        ; romsel     ; 8.663  ; 8.663  ; Rise       ; romsel          ;
; prg_ce        ; romsel     ; 5.664  ; 5.664  ; Fall       ; romsel          ;
; prg_oe        ; romsel     ; 8.780  ; 8.780  ; Fall       ; romsel          ;
; prg_we        ; romsel     ; 8.663  ; 8.663  ; Fall       ; romsel          ;
+---------------+------------+--------+--------+------------+-----------------+


+---------------------------------------------------------------------------+
; Minimum Clock to Output Times                                             ;
+---------------+------------+-------+-------+------------+-----------------+
; Data Port     ; Clock Port ; Rise  ; Fall  ; Clock Edge ; Clock Reference ;
+---------------+------------+-------+-------+------------+-----------------+
; chr_addr[*]   ; m2         ; 8.446 ; 8.446 ; Fall       ; m2              ;
;  chr_addr[12] ; m2         ; 9.004 ; 9.004 ; Fall       ; m2              ;
;  chr_addr[13] ; m2         ; 8.652 ; 8.652 ; Fall       ; m2              ;
;  chr_addr[14] ; m2         ; 9.150 ; 9.150 ; Fall       ; m2              ;
;  chr_addr[15] ; m2         ; 8.982 ; 8.982 ; Fall       ; m2              ;
;  chr_addr[16] ; m2         ; 8.446 ; 8.446 ; Fall       ; m2              ;
; ciram_a10     ; m2         ; 8.702 ; 8.702 ; Fall       ; m2              ;
; prg_addr[*]   ; romsel     ; 6.827 ; 6.827 ; Rise       ; romsel          ;
;  prg_addr[13] ; romsel     ; 6.827 ; 6.827 ; Rise       ; romsel          ;
;  prg_addr[14] ; romsel     ; 8.563 ; 8.563 ; Rise       ; romsel          ;
;  prg_addr[15] ; romsel     ; 8.869 ; 8.869 ; Rise       ; romsel          ;
;  prg_addr[16] ; romsel     ; 8.818 ; 8.818 ; Rise       ; romsel          ;
;  prg_addr[17] ; romsel     ; 8.297 ; 8.297 ; Rise       ; romsel          ;
;  prg_addr[18] ; romsel     ; 8.125 ; 8.125 ; Rise       ; romsel          ;
; prg_ce        ; romsel     ; 5.664 ; 5.664 ; Rise       ; romsel          ;
; prg_oe        ; romsel     ; 8.780 ; 8.780 ; Rise       ; romsel          ;
; prg_we        ; romsel     ; 8.663 ; 8.663 ; Rise       ; romsel          ;
; prg_ce        ; romsel     ; 5.664 ; 5.664 ; Fall       ; romsel          ;
; prg_oe        ; romsel     ; 8.780 ; 8.780 ; Fall       ; romsel          ;
; prg_we        ; romsel     ; 8.663 ; 8.663 ; Fall       ; romsel          ;
+---------------+------------+-------+-------+------------+-----------------+


+---------------------------------------------------------+
; Propagation Delay                                       ;
+--------------+--------------+--------+----+----+--------+
; Input Port   ; Output Port  ; RR     ; RF ; FR ; FF     ;
+--------------+--------------+--------+----+----+--------+
; cpu_rw       ; prg_oe       ; 10.428 ;    ;    ; 10.428 ;
; cpu_rw       ; prg_we       ; 10.308 ;    ;    ; 10.308 ;
; ppu_addr[10] ; chr_addr[10] ; 8.915  ;    ;    ; 8.915  ;
; ppu_addr[10] ; ciram_a10    ; 10.427 ;    ;    ; 10.427 ;
; ppu_addr[11] ; chr_addr[11] ; 8.345  ;    ;    ; 8.345  ;
; ppu_addr[11] ; ciram_a10    ; 11.069 ;    ;    ; 11.069 ;
; ppu_addr[12] ; chr_addr[12] ; 10.848 ;    ;    ; 10.848 ;
; ppu_addr[12] ; chr_addr[13] ; 10.497 ;    ;    ; 10.497 ;
; ppu_addr[12] ; chr_addr[14] ; 10.985 ;    ;    ; 10.985 ;
; ppu_addr[12] ; chr_addr[15] ; 10.824 ;    ;    ; 10.824 ;
; ppu_addr[12] ; chr_addr[16] ; 10.284 ;    ;    ; 10.284 ;
; ppu_addr[13] ; chr_ce       ; 8.304  ;    ;    ; 8.304  ;
; ppu_addr[13] ; chr_oe       ; 9.841  ;    ;    ; 9.841  ;
; ppu_rd       ; chr_oe       ; 10.197 ;    ;    ; 10.197 ;
+--------------+--------------+--------+----+----+--------+


+---------------------------------------------------------+
; Minimum Propagation Delay                               ;
+--------------+--------------+--------+----+----+--------+
; Input Port   ; Output Port  ; RR     ; RF ; FR ; FF     ;
+--------------+--------------+--------+----+----+--------+
; cpu_rw       ; prg_oe       ; 10.428 ;    ;    ; 10.428 ;
; cpu_rw       ; prg_we       ; 10.308 ;    ;    ; 10.308 ;
; ppu_addr[10] ; chr_addr[10] ; 8.915  ;    ;    ; 8.915  ;
; ppu_addr[10] ; ciram_a10    ; 10.427 ;    ;    ; 10.427 ;
; ppu_addr[11] ; chr_addr[11] ; 8.345  ;    ;    ; 8.345  ;
; ppu_addr[11] ; ciram_a10    ; 11.069 ;    ;    ; 11.069 ;
; ppu_addr[12] ; chr_addr[12] ; 10.848 ;    ;    ; 10.848 ;
; ppu_addr[12] ; chr_addr[13] ; 10.497 ;    ;    ; 10.497 ;
; ppu_addr[12] ; chr_addr[14] ; 10.985 ;    ;    ; 10.985 ;
; ppu_addr[12] ; chr_addr[15] ; 10.824 ;    ;    ; 10.824 ;
; ppu_addr[12] ; chr_addr[16] ; 10.284 ;    ;    ; 10.284 ;
; ppu_addr[13] ; chr_ce       ; 8.304  ;    ;    ; 8.304  ;
; ppu_addr[13] ; chr_oe       ; 9.841  ;    ;    ; 9.841  ;
; ppu_rd       ; chr_oe       ; 10.197 ;    ;    ; 10.197 ;
+--------------+--------------+--------+----+----+--------+


+-------------------------------------------------------------------+
; Setup Transfers                                                   ;
+------------+----------+----------+----------+----------+----------+
; From Clock ; To Clock ; RR Paths ; FR Paths ; RF Paths ; FF Paths ;
+------------+----------+----------+----------+----------+----------+
; m2         ; m2       ; 0        ; 0        ; 0        ; 44       ;
; romsel     ; m2       ; 0        ; 0        ; 26       ; 26       ;
; m2         ; romsel   ; 0        ; 14       ; 0        ; 0        ;
+------------+----------+----------+----------+----------+----------+
Entries labeled "false path" only account for clock-to-clock false paths and not path-based false paths. As a result, actual path counts may be lower than reported.


+-------------------------------------------------------------------+
; Hold Transfers                                                    ;
+------------+----------+----------+----------+----------+----------+
; From Clock ; To Clock ; RR Paths ; FR Paths ; RF Paths ; FF Paths ;
+------------+----------+----------+----------+----------+----------+
; m2         ; m2       ; 0        ; 0        ; 0        ; 44       ;
; romsel     ; m2       ; 0        ; 0        ; 26       ; 26       ;
; m2         ; romsel   ; 0        ; 14       ; 0        ; 0        ;
+------------+----------+----------+----------+----------+----------+
Entries labeled "false path" only account for clock-to-clock false paths and not path-based false paths. As a result, actual path counts may be lower than reported.


---------------
; Report TCCS ;
---------------
No dedicated SERDES Transmitter circuitry present in device or used in design


---------------
; Report RSKM ;
---------------
No dedicated SERDES Receiver circuitry present in device or used in design


+------------------------------------------------+
; Unconstrained Paths                            ;
+---------------------------------+-------+------+
; Property                        ; Setup ; Hold ;
+---------------------------------+-------+------+
; Illegal Clocks                  ; 0     ; 0    ;
; Unconstrained Clocks            ; 0     ; 0    ;
; Unconstrained Input Ports       ; 11    ; 11   ;
; Unconstrained Input Port Paths  ; 113   ; 113  ;
; Unconstrained Output Ports      ; 19    ; 19   ;
; Unconstrained Output Port Paths ; 40    ; 40   ;
+---------------------------------+-------+------+


+------------------------------------+
; TimeQuest Timing Analyzer Messages ;
+------------------------------------+
Info: *******************************************************************
Info: Running Quartus II 64-Bit TimeQuest Timing Analyzer
    Info: Version 13.0.1 Build 232 06/12/2013 Service Pack 1 SJ Web Edition
    Info: Processing started: Sun Nov 10 17:03:08 2024
Info: Command: quartus_sta mmc1 -c mmc1
Info: qsta_default_script.tcl version: #1
Warning (20028): Parallel compilation is not licensed and has been disabled
Info (21077): Low junction temperature is 0 degrees C
Info (21077): High junction temperature is 85 degrees C
Info (306004): Started post-fitting delay annotation
Info (306005): Delay annotation completed successfully
Warning (335093): TimeQuest Timing Analyzer is analyzing 6 combinational loops as latches.
Critical Warning (332012): Synopsys Design Constraints File file not found: 'mmc1.sdc'. A Synopsys Design Constraints File is required by the TimeQuest Timing Analyzer to get proper timing constraints. Without it, the Compiler will not properly optimize the design.
Info (332142): No user constrained base clocks found in the design. Calling "derive_clocks -period 1.0"
Info (332105): Deriving Clocks
    Info (332105): create_clock -period 1.000 -name m2 m2
    Info (332105): create_clock -period 1.000 -name romsel romsel
Info: Found TIMEQUEST_REPORT_SCRIPT_INCLUDE_DEFAULT_ANALYSIS = ON
Critical Warning (332148): Timing requirements not met
Info (332146): Worst-case setup slack is -4.658
    Info (332119):     Slack End Point TNS Clock 
    Info (332119): ========= ============= =====================
    Info (332119):    -4.658       -92.544 m2 
    Info (332119):    -4.459       -19.954 romsel 
Info (332146): Worst-case hold slack is 1.381
    Info (332119):     Slack End Point TNS Clock 
    Info (332119): ========= ============= =====================
    Info (332119):     1.381         0.000 m2 
    Info (332119):     1.479         0.000 romsel 
Info (332140): No Recovery paths to report
Info (332140): No Removal paths to report
Info (332146): Worst-case minimum pulse width slack is -2.289
    Info (332119):     Slack End Point TNS Clock 
    Info (332119): ========= ============= =====================
    Info (332119):    -2.289        -2.289 m2 
    Info (332119):    -2.289        -2.289 romsel 
Info (332001): The selected device family is not supported by the report_metastability command.
Info (332102): Design is not fully constrained for setup requirements
Info (332102): Design is not fully constrained for hold requirements
Info: Quartus II 64-Bit TimeQuest Timing Analyzer was successful. 0 errors, 4 warnings
    Info: Peak virtual memory: 4517 megabytes
    Info: Processing ended: Sun Nov 10 17:03:09 2024
    Info: Elapsed time: 00:00:01
    Info: Total CPU time (on all processors): 00:00:01


