Fitter report for mmc1
Tue Nov 05 18:17:39 2024
Quartus II 64-Bit Version 13.0.1 Build 232 06/12/2013 Service Pack 1 SJ Web Edition


---------------------
; Table of Contents ;
---------------------
  1. Legal Notice
  2. Fitter Summary
  3. Fitter Settings
  4. Parallel Compilation
  5. Pin-Out File
  6. Fitter Resource Usage Summary
  7. Input Pins
  8. Output Pins
  9. All Package Pins
 10. I/O Standard
 11. Dedicated Inputs I/O
 12. Output Pin Default Load For Reported TCO
 13. Fitter Resource Utilization by Entity
 14. Control Signals
 15. Global & Other Fast Signals
 16. Non-Global High Fan-Out Signals
 17. Other Routing Usage Summary
 18. LAB Macrocells
 19. Parallel Expander
 20. Logic Cell Interconnection
 21. Fitter Device Options
 22. Fitter Messages



----------------
; Legal Notice ;
----------------
Copyright (C) 1991-2013 Altera Corporation
Your use of Altera Corporation's design tools, logic functions 
and other software and tools, and its AMPP partner logic 
functions, and any output files from any of the foregoing 
(including device programming or simulation files), and any 
associated documentation or information are expressly subject 
to the terms and conditions of the Altera Program License 
Subscription Agreement, Altera MegaCore Function License 
Agreement, or other applicable license agreement, including, 
without limitation, that your use is for the sole purpose of 
programming logic devices manufactured by Altera and sold by 
Altera or its authorized distributors.  Please refer to the 
applicable agreement for further details.



+-----------------------------------------------------------------------------+
; Fitter Summary                                                              ;
+---------------------------+-------------------------------------------------+
; Fitter Status             ; Successful - Tue Nov 05 18:17:39 2024           ;
; Quartus II 64-Bit Version ; 13.0.1 Build 232 06/12/2013 SP 1 SJ Web Edition ;
; Revision Name             ; mmc1                                            ;
; Top-level Entity Name     ; mmc1                                            ;
; Family                    ; MAX3000A                                        ;
; Device                    ; EPM3064ATC100-10                                ;
; Timing Models             ; Final                                           ;
; Total macrocells          ; 53 / 64 ( 83 % )                                ;
; Total pins                ; 59 / 66 ( 89 % )                                ;
+---------------------------+-------------------------------------------------+


+---------------------------------------------------------------------------------------------------------------+
; Fitter Settings                                                                                               ;
+----------------------------------------------------------------------------+------------------+---------------+
; Option                                                                     ; Setting          ; Default Value ;
+----------------------------------------------------------------------------+------------------+---------------+
; Device                                                                     ; EPM3064ATC100-10 ;               ;
; Use smart compilation                                                      ; Off              ; Off           ;
; Enable parallel Assembler and TimeQuest Timing Analyzer during compilation ; On               ; On            ;
; Enable compact report table                                                ; Off              ; Off           ;
; Optimize Multi-Corner Timing                                               ; Off              ; Off           ;
; Optimize Timing for ECOs                                                   ; Off              ; Off           ;
; Regenerate full fit report during ECO compiles                             ; Off              ; Off           ;
; Optimize IOC Register Placement for Timing                                 ; Normal           ; Normal        ;
; Fitter Initial Placement Seed                                              ; 1                ; 1             ;
; Slow Slew Rate                                                             ; Off              ; Off           ;
; Fitter Effort                                                              ; Auto Fit         ; Auto Fit      ;
; Force Fitter to Avoid Periphery Placement Warnings                         ; Off              ; Off           ;
+----------------------------------------------------------------------------+------------------+---------------+


Parallel compilation was disabled, but you have multiple processors available. Enable parallel compilation to reduce compilation time.
+-------------------------------------+
; Parallel Compilation                ;
+----------------------------+--------+
; Processors                 ; Number ;
+----------------------------+--------+
; Number detected on machine ; 4      ;
; Maximum allowed            ; 1      ;
+----------------------------+--------+


+--------------+
; Pin-Out File ;
+--------------+
The pin-out file can be found in C:/mmc1/output_files/mmc1.pin.


+-------------------------------------------------+
; Fitter Resource Usage Summary                   ;
+------------------------------+------------------+
; Resource                     ; Usage            ;
+------------------------------+------------------+
; Logic cells                  ; 53 / 64 ( 83 % ) ;
; Registers                    ; 24 / 64 ( 38 % ) ;
; Number of pterms used        ; 119              ;
; I/O pins                     ; 59 / 66 ( 89 % ) ;
;     -- Clock pins            ; 1 / 2 ( 50 % )   ;
;     -- Dedicated input pins  ; 1 / 2 ( 50 % )   ;
;                              ;                  ;
; Global signals               ; 1                ;
; Shareable expanders          ; 0 / 64 ( 0 % )   ;
; Parallel expanders           ; 3 / 60 ( 5 % )   ;
; Cells using turbo bit        ; 53 / 64 ( 83 % ) ;
; Maximum fan-out              ; 36               ;
; Highest non-global fan-out   ; 36               ;
; Total fan-out                ; 297              ;
; Average fan-out              ; 2.65             ;
+------------------------------+------------------+


+-----------------------------------------------------------------------------------------------------------------------------------+
; Input Pins                                                                                                                        ;
+--------------+-------+----------+-----+-----------------------+--------------------+--------+--------------+----------------------+
; Name         ; Pin # ; I/O Bank ; LAB ; Combinational Fan-Out ; Registered Fan-Out ; Global ; I/O Standard ; Location assigned by ;
+--------------+-------+----------+-----+-----------------------+--------------------+--------+--------------+----------------------+
; cpu_addr[0]  ; 19    ; --       ; 2   ; 0                     ; 0                  ; no     ; 3.3-V LVTTL  ; User                 ;
; cpu_addr[10] ; 80    ; --       ; 4   ; 0                     ; 0                  ; no     ; 3.3-V LVTTL  ; Fitter               ;
; cpu_addr[11] ; 35    ; --       ; 2   ; 0                     ; 0                  ; no     ; 3.3-V LVTTL  ; Fitter               ;
; cpu_addr[12] ; 76    ; --       ; 4   ; 0                     ; 0                  ; no     ; 3.3-V LVTTL  ; Fitter               ;
; cpu_addr[13] ; 99    ; --       ; 1   ; 20                    ; 0                  ; no     ; 3.3-V LVTTL  ; User                 ;
; cpu_addr[14] ; 100   ; --       ; 1   ; 27                    ; 0                  ; no     ; 3.3-V LVTTL  ; User                 ;
; cpu_addr[1]  ; 52    ; --       ; 3   ; 0                     ; 0                  ; no     ; 3.3-V LVTTL  ; Fitter               ;
; cpu_addr[2]  ; 32    ; --       ; 2   ; 0                     ; 0                  ; no     ; 3.3-V LVTTL  ; Fitter               ;
; cpu_addr[3]  ; 25    ; --       ; 2   ; 0                     ; 0                  ; no     ; 3.3-V LVTTL  ; Fitter               ;
; cpu_addr[4]  ; 79    ; --       ; 4   ; 0                     ; 0                  ; no     ; 3.3-V LVTTL  ; Fitter               ;
; cpu_addr[5]  ; 68    ; --       ; 4   ; 0                     ; 0                  ; no     ; 3.3-V LVTTL  ; Fitter               ;
; cpu_addr[6]  ; 44    ; --       ; 3   ; 0                     ; 0                  ; no     ; 3.3-V LVTTL  ; Fitter               ;
; cpu_addr[7]  ; 89    ; --       ; --  ; 0                     ; 0                  ; no     ; 3.3-V LVTTL  ; Fitter               ;
; cpu_addr[8]  ; 17    ; --       ; 2   ; 0                     ; 0                  ; no     ; 3.3-V LVTTL  ; Fitter               ;
; cpu_addr[9]  ; 81    ; --       ; 4   ; 0                     ; 0                  ; no     ; 3.3-V LVTTL  ; Fitter               ;
; cpu_data[0]  ; 16    ; --       ; 2   ; 4                     ; 0                  ; no     ; 3.3-V LVTTL  ; User                 ;
; cpu_data[1]  ; 14    ; --       ; 1   ; 0                     ; 0                  ; no     ; 3.3-V LVTTL  ; User                 ;
; cpu_data[2]  ; 13    ; --       ; 1   ; 0                     ; 0                  ; no     ; 3.3-V LVTTL  ; User                 ;
; cpu_data[3]  ; 12    ; --       ; 1   ; 0                     ; 0                  ; no     ; 3.3-V LVTTL  ; User                 ;
; cpu_data[4]  ; 10    ; --       ; 1   ; 0                     ; 0                  ; no     ; 3.3-V LVTTL  ; User                 ;
; cpu_data[5]  ; 9     ; --       ; 1   ; 0                     ; 0                  ; no     ; 3.3-V LVTTL  ; User                 ;
; cpu_data[6]  ; 8     ; --       ; 1   ; 0                     ; 0                  ; no     ; 3.3-V LVTTL  ; User                 ;
; cpu_data[7]  ; 6     ; --       ; 1   ; 24                    ; 0                  ; no     ; 3.3-V LVTTL  ; User                 ;
; cpu_rw       ; 20    ; --       ; 2   ; 26                    ; 0                  ; no     ; 3.3-V LVTTL  ; User                 ;
; m2           ; 90    ; --       ; --  ; 24                    ; 0                  ; yes    ; 3.3-V LVTTL  ; User                 ;
; ppu_addr[10] ; 45    ; --       ; 3   ; 2                     ; 0                  ; no     ; 3.3-V LVTTL  ; User                 ;
; ppu_addr[11] ; 46    ; --       ; 3   ; 2                     ; 0                  ; no     ; 3.3-V LVTTL  ; User                 ;
; ppu_addr[12] ; 47    ; --       ; 3   ; 5                     ; 0                  ; no     ; 3.3-V LVTTL  ; User                 ;
; ppu_addr[13] ; 48    ; --       ; 3   ; 2                     ; 0                  ; no     ; 3.3-V LVTTL  ; User                 ;
; ppu_rd       ; 30    ; --       ; 2   ; 1                     ; 0                  ; no     ; 3.3-V LVTTL  ; User                 ;
; ppu_wr       ; 29    ; --       ; 2   ; 0                     ; 0                  ; no     ; 3.3-V LVTTL  ; User                 ;
; romsel       ; 23    ; --       ; 2   ; 36                    ; 0                  ; no     ; 3.3-V LVTTL  ; User                 ;
+--------------+-------+----------+-----+-----------------------+--------------------+--------+--------------+----------------------+


+--------------------------------------------------------------------------------------------------------------------------------------------------------------------------------------------------+
; Output Pins                                                                                                                                                                                      ;
+--------------+-------+----------+-----+-----------------+----------------+------------+---------------+--------------+----------------------+-------+----------------------+---------------------+
; Name         ; Pin # ; I/O Bank ; LAB ; Output Register ; Slow Slew Rate ; Open Drain ; TRI Primitive ; I/O Standard ; Location assigned by ; Load  ; Output Enable Source ; Output Enable Group ;
+--------------+-------+----------+-----+-----------------+----------------+------------+---------------+--------------+----------------------+-------+----------------------+---------------------+
; chr_addr[10] ; 71    ; --       ; 4   ; no              ; no             ; no         ; no            ; 3.3-V LVTTL  ; User                 ; 10 pF ; -                    ; -                   ;
; chr_addr[11] ; 67    ; --       ; 4   ; no              ; no             ; no         ; no            ; 3.3-V LVTTL  ; User                 ; 10 pF ; -                    ; -                   ;
; chr_addr[12] ; 54    ; --       ; 3   ; no              ; no             ; no         ; no            ; 3.3-V LVTTL  ; User                 ; 10 pF ; -                    ; -                   ;
; chr_addr[13] ; 64    ; --       ; 4   ; no              ; no             ; no         ; no            ; 3.3-V LVTTL  ; User                 ; 10 pF ; -                    ; -                   ;
; chr_addr[14] ; 63    ; --       ; 4   ; no              ; no             ; no         ; no            ; 3.3-V LVTTL  ; User                 ; 10 pF ; -                    ; -                   ;
; chr_addr[15] ; 56    ; --       ; 3   ; no              ; no             ; no         ; no            ; 3.3-V LVTTL  ; User                 ; 10 pF ; -                    ; -                   ;
; chr_addr[16] ; 57    ; --       ; 3   ; no              ; no             ; no         ; no            ; 3.3-V LVTTL  ; User                 ; 10 pF ; -                    ; -                   ;
; chr_addr[17] ; 61    ; --       ; 3   ; no              ; no             ; no         ; no            ; 3.3-V LVTTL  ; User                 ; 10 pF ; -                    ; -                   ;
; chr_addr[18] ; 58    ; --       ; 3   ; no              ; no             ; no         ; no            ; 3.3-V LVTTL  ; User                 ; 10 pF ; -                    ; -                   ;
; chr_ce       ; 75    ; --       ; 4   ; no              ; no             ; no         ; no            ; 3.3-V LVTTL  ; User                 ; 10 pF ; -                    ; -                   ;
; chr_oe       ; 69    ; --       ; 4   ; no              ; no             ; no         ; no            ; 3.3-V LVTTL  ; User                 ; 10 pF ; -                    ; -                   ;
; chr_we       ; 60    ; --       ; 3   ; no              ; no             ; no         ; no            ; 3.3-V LVTTL  ; User                 ; 10 pF ; -                    ; -                   ;
; ciram_a10    ; 31    ; --       ; 2   ; no              ; no             ; no         ; no            ; 3.3-V LVTTL  ; User                 ; 10 pF ; -                    ; -                   ;
; irq          ; 21    ; --       ; 2   ; no              ; no             ; yes        ; no            ; 3.3-V LVTTL  ; User                 ; 10 pF ; -                    ; -                   ;
; prg_addr[13] ; 96    ; --       ; 1   ; no              ; no             ; no         ; no            ; 3.3-V LVTTL  ; User                 ; 10 pF ; -                    ; -                   ;
; prg_addr[14] ; 94    ; --       ; 1   ; no              ; no             ; no         ; no            ; 3.3-V LVTTL  ; User                 ; 10 pF ; -                    ; -                   ;
; prg_addr[15] ; 83    ; --       ; 4   ; no              ; no             ; no         ; no            ; 3.3-V LVTTL  ; User                 ; 10 pF ; -                    ; -                   ;
; prg_addr[16] ; 84    ; --       ; 4   ; no              ; no             ; no         ; no            ; 3.3-V LVTTL  ; User                 ; 10 pF ; -                    ; -                   ;
; prg_addr[17] ; 93    ; --       ; 1   ; no              ; no             ; no         ; no            ; 3.3-V LVTTL  ; User                 ; 10 pF ; -                    ; -                   ;
; prg_addr[18] ; 85    ; --       ; 4   ; no              ; no             ; no         ; no            ; 3.3-V LVTTL  ; User                 ; 10 pF ; -                    ; -                   ;
; prg_ce       ; 98    ; --       ; 1   ; no              ; no             ; no         ; no            ; 3.3-V LVTTL  ; User                 ; 10 pF ; -                    ; -                   ;
; prg_oe       ; 97    ; --       ; 1   ; no              ; no             ; no         ; no            ; 3.3-V LVTTL  ; User                 ; 10 pF ; -                    ; -                   ;
; prg_we       ; 92    ; --       ; 1   ; no              ; no             ; no         ; no            ; 3.3-V LVTTL  ; User                 ; 10 pF ; -                    ; -                   ;
+--------------+-------+----------+-----+-----------------+----------------+------------+---------------+--------------+----------------------+-------+----------------------+---------------------+


+-------------------------------------------------------------------------------------------------------+
; All Package Pins                                                                                      ;
+----------+------------+----------+----------------+--------+--------------+---------+-----------------+
; Location ; Pad Number ; I/O Bank ; Pin Name/Usage ; Dir.   ; I/O Standard ; Voltage ; User Assignment ;
+----------+------------+----------+----------------+--------+--------------+---------+-----------------+
; 1        ;            ;          ; NC             ;        ;              ;         ;                 ;
; 2        ;            ;          ; NC             ;        ;              ;         ;                 ;
; 3        ; 12         ; --       ; VCCIO          ; power  ;              ; 3.3V    ;                 ;
; 4        ; 13         ; --       ; TDI            ; input  ; 3.3-V LVTTL  ;         ; N               ;
; 5        ;            ;          ; NC             ;        ;              ;         ;                 ;
; 6        ; 14         ; --       ; cpu_data[7]    ; input  ; 3.3-V LVTTL  ;         ; Y               ;
; 7        ;            ;          ; NC             ;        ;              ;         ;                 ;
; 8        ; 15         ; --       ; cpu_data[6]    ; input  ; 3.3-V LVTTL  ;         ; Y               ;
; 9        ; 16         ; --       ; cpu_data[5]    ; input  ; 3.3-V LVTTL  ;         ; Y               ;
; 10       ; 17         ; --       ; cpu_data[4]    ; input  ; 3.3-V LVTTL  ;         ; Y               ;
; 11       ; 18         ; --       ; GND            ; gnd    ;              ;         ;                 ;
; 12       ; 19         ; --       ; cpu_data[3]    ; input  ; 3.3-V LVTTL  ;         ; Y               ;
; 13       ; 20         ; --       ; cpu_data[2]    ; input  ; 3.3-V LVTTL  ;         ; Y               ;
; 14       ; 21         ; --       ; cpu_data[1]    ; input  ; 3.3-V LVTTL  ;         ; Y               ;
; 15       ; 22         ; --       ; TMS            ; input  ; 3.3-V LVTTL  ;         ; N               ;
; 16       ; 23         ; --       ; cpu_data[0]    ; input  ; 3.3-V LVTTL  ;         ; Y               ;
; 17       ; 24         ; --       ; cpu_addr[8]    ; input  ; 3.3-V LVTTL  ;         ; N               ;
; 18       ; 25         ; --       ; VCCIO          ; power  ;              ; 3.3V    ;                 ;
; 19       ; 26         ; --       ; cpu_addr[0]    ; input  ; 3.3-V LVTTL  ;         ; Y               ;
; 20       ; 27         ; --       ; cpu_rw         ; input  ; 3.3-V LVTTL  ;         ; Y               ;
; 21       ; 28         ; --       ; irq            ; output ; 3.3-V LVTTL  ;         ; Y               ;
; 22       ;            ;          ; NC             ;        ;              ;         ;                 ;
; 23       ; 29         ; --       ; romsel         ; input  ; 3.3-V LVTTL  ;         ; Y               ;
; 24       ;            ;          ; NC             ;        ;              ;         ;                 ;
; 25       ; 30         ; --       ; cpu_addr[3]    ; input  ; 3.3-V LVTTL  ;         ; N               ;
; 26       ; 31         ; --       ; GND            ; gnd    ;              ;         ;                 ;
; 27       ;            ;          ; NC             ;        ;              ;         ;                 ;
; 28       ;            ;          ; NC             ;        ;              ;         ;                 ;
; 29       ; 32         ; --       ; ppu_wr         ; input  ; 3.3-V LVTTL  ;         ; Y               ;
; 30       ; 33         ; --       ; ppu_rd         ; input  ; 3.3-V LVTTL  ;         ; Y               ;
; 31       ; 34         ; --       ; ciram_a10      ; output ; 3.3-V LVTTL  ;         ; Y               ;
; 32       ; 35         ; --       ; cpu_addr[2]    ; input  ; 3.3-V LVTTL  ;         ; N               ;
; 33       ; 36         ; --       ; GND            ; gnd    ;              ;         ;                 ;
; 34       ; 37         ; --       ; VCCIO          ; power  ;              ; 3.3V    ;                 ;
; 35       ; 38         ; --       ; cpu_addr[11]   ; input  ; 3.3-V LVTTL  ;         ; N               ;
; 36       ; 39         ; --       ; RESERVED       ;        ;              ;         ;                 ;
; 37       ; 40         ; --       ; RESERVED       ;        ;              ;         ;                 ;
; 38       ; 41         ; --       ; GND            ; gnd    ;              ;         ;                 ;
; 39       ; 42         ; --       ; VCCINT         ; power  ;              ; 3.3V    ;                 ;
; 40       ; 43         ; --       ; RESERVED       ;        ;              ;         ;                 ;
; 41       ; 44         ; --       ; RESERVED       ;        ;              ;         ;                 ;
; 42       ; 45         ; --       ; RESERVED       ;        ;              ;         ;                 ;
; 43       ; 46         ; --       ; GND            ; gnd    ;              ;         ;                 ;
; 44       ; 47         ; --       ; cpu_addr[6]    ; input  ; 3.3-V LVTTL  ;         ; N               ;
; 45       ; 48         ; --       ; ppu_addr[10]   ; input  ; 3.3-V LVTTL  ;         ; Y               ;
; 46       ; 49         ; --       ; ppu_addr[11]   ; input  ; 3.3-V LVTTL  ;         ; Y               ;
; 47       ; 50         ; --       ; ppu_addr[12]   ; input  ; 3.3-V LVTTL  ;         ; Y               ;
; 48       ; 51         ; --       ; ppu_addr[13]   ; input  ; 3.3-V LVTTL  ;         ; Y               ;
; 49       ;            ;          ; NC             ;        ;              ;         ;                 ;
; 50       ;            ;          ; NC             ;        ;              ;         ;                 ;
; 51       ; 52         ; --       ; VCCIO          ; power  ;              ; 3.3V    ;                 ;
; 52       ; 53         ; --       ; cpu_addr[1]    ; input  ; 3.3-V LVTTL  ;         ; N               ;
; 53       ; 94         ; --       ; GND            ; gnd    ;              ;         ;                 ;
; 54       ; 54         ; --       ; chr_addr[12]   ; output ; 3.3-V LVTTL  ;         ; Y               ;
; 55       ;            ;          ; NC             ;        ;              ;         ;                 ;
; 56       ; 55         ; --       ; chr_addr[15]   ; output ; 3.3-V LVTTL  ;         ; Y               ;
; 57       ; 56         ; --       ; chr_addr[16]   ; output ; 3.3-V LVTTL  ;         ; Y               ;
; 58       ; 57         ; --       ; chr_addr[18]   ; output ; 3.3-V LVTTL  ;         ; Y               ;
; 59       ; 58         ; --       ; GND            ; gnd    ;              ;         ;                 ;
; 60       ; 59         ; --       ; chr_we         ; output ; 3.3-V LVTTL  ;         ; Y               ;
; 61       ; 60         ; --       ; chr_addr[17]   ; output ; 3.3-V LVTTL  ;         ; Y               ;
; 62       ; 61         ; --       ; TCK            ; input  ; 3.3-V LVTTL  ;         ; N               ;
; 63       ; 62         ; --       ; chr_addr[14]   ; output ; 3.3-V LVTTL  ;         ; Y               ;
; 64       ; 63         ; --       ; chr_addr[13]   ; output ; 3.3-V LVTTL  ;         ; Y               ;
; 65       ; 64         ; --       ; GND            ; gnd    ;              ;         ;                 ;
; 66       ; 65         ; --       ; VCCIO          ; power  ;              ; 3.3V    ;                 ;
; 67       ; 66         ; --       ; chr_addr[11]   ; output ; 3.3-V LVTTL  ;         ; Y               ;
; 68       ; 67         ; --       ; cpu_addr[5]    ; input  ; 3.3-V LVTTL  ;         ; N               ;
; 69       ; 68         ; --       ; chr_oe         ; output ; 3.3-V LVTTL  ;         ; Y               ;
; 70       ;            ;          ; NC             ;        ;              ;         ;                 ;
; 71       ; 69         ; --       ; chr_addr[10]   ; output ; 3.3-V LVTTL  ;         ; Y               ;
; 72       ;            ;          ; NC             ;        ;              ;         ;                 ;
; 73       ; 70         ; --       ; TDO            ; output ; 3.3-V LVTTL  ;         ; N               ;
; 74       ; 71         ; --       ; GND            ; gnd    ;              ;         ;                 ;
; 75       ; 72         ; --       ; chr_ce         ; output ; 3.3-V LVTTL  ;         ; Y               ;
; 76       ; 73         ; --       ; cpu_addr[12]   ; input  ; 3.3-V LVTTL  ;         ; N               ;
; 77       ;            ;          ; NC             ;        ;              ;         ;                 ;
; 78       ; 99         ; --       ; GND            ; gnd    ;              ;         ;                 ;
; 79       ; 74         ; --       ; cpu_addr[4]    ; input  ; 3.3-V LVTTL  ;         ; N               ;
; 80       ; 75         ; --       ; cpu_addr[10]   ; input  ; 3.3-V LVTTL  ;         ; N               ;
; 81       ; 76         ; --       ; cpu_addr[9]    ; input  ; 3.3-V LVTTL  ;         ; N               ;
; 82       ; 77         ; --       ; VCCIO          ; power  ;              ; 3.3V    ;                 ;
; 83       ; 78         ; --       ; prg_addr[15]   ; output ; 3.3-V LVTTL  ;         ; Y               ;
; 84       ; 79         ; --       ; prg_addr[16]   ; output ; 3.3-V LVTTL  ;         ; Y               ;
; 85       ; 80         ; --       ; prg_addr[18]   ; output ; 3.3-V LVTTL  ;         ; Y               ;
; 86       ; 81         ; --       ; GND            ; gnd    ;              ;         ;                 ;
; 87       ; 82         ; --       ; GND+           ;        ;              ;         ;                 ;
; 88       ; 83         ; --       ; GND+           ;        ;              ;         ;                 ;
; 89       ; 0          ; --       ; cpu_addr[7]    ; input  ; 3.3-V LVTTL  ;         ; N               ;
; 90       ; 1          ; --       ; m2             ; input  ; 3.3-V LVTTL  ;         ; Y               ;
; 91       ; 2          ; --       ; VCCINT         ; power  ;              ; 3.3V    ;                 ;
; 92       ; 3          ; --       ; prg_we         ; output ; 3.3-V LVTTL  ;         ; Y               ;
; 93       ; 4          ; --       ; prg_addr[17]   ; output ; 3.3-V LVTTL  ;         ; Y               ;
; 94       ; 5          ; --       ; prg_addr[14]   ; output ; 3.3-V LVTTL  ;         ; Y               ;
; 95       ; 6          ; --       ; GND            ; gnd    ;              ;         ;                 ;
; 96       ; 7          ; --       ; prg_addr[13]   ; output ; 3.3-V LVTTL  ;         ; Y               ;
; 97       ; 8          ; --       ; prg_oe         ; output ; 3.3-V LVTTL  ;         ; Y               ;
; 98       ; 9          ; --       ; prg_ce         ; output ; 3.3-V LVTTL  ;         ; Y               ;
; 99       ; 10         ; --       ; cpu_addr[13]   ; input  ; 3.3-V LVTTL  ;         ; Y               ;
; 100      ; 11         ; --       ; cpu_addr[14]   ; input  ; 3.3-V LVTTL  ;         ; Y               ;
+----------+------------+----------+----------------+--------+--------------+---------+-----------------+
Note: Pin directions (input, output or bidir) are based on device operating in user mode.


+--------------------------------------------------------------------------------------------------+
; I/O Standard                                                                                     ;
+--------------+------------+----------------------+-------------------+-------------------+-------+
; I/O Standard ; Input Vref ; Dedicated Input Pins ; Pins in I/O Bank1 ; Pins in I/O Bank2 ; Total ;
+--------------+------------+----------------------+-------------------+-------------------+-------+
; 3.3-V LVTTL  ; -          ; 2                    ; 0                 ; 0                 ; 2     ;
+--------------+------------+----------------------+-------------------+-------------------+-------+


+---------------------------------------------------------------------------+
; Dedicated Inputs I/O                                                      ;
+-------------+-------+-------+-------+--------------+------------+---------+
; Name        ; Pin # ; Type  ; VCCIO ; I/O Standard ; Input Vref ; Current ;
+-------------+-------+-------+-------+--------------+------------+---------+
; cpu_addr[7] ; 89    ; Input ; --    ; 3.3-V LVTTL  ; -          ; 0 mA    ;
; m2          ; 90    ; Input ; --    ; 3.3-V LVTTL  ; -          ; 0 mA    ;
+-------------+-------+-------+-------+--------------+------------+---------+


+-----------------------------------------------+
; Output Pin Default Load For Reported TCO      ;
+--------------+-------+------------------------+
; I/O Standard ; Load  ; Termination Resistance ;
+--------------+-------+------------------------+
; 3.3-V LVTTL  ; 10 pF ; Not Available          ;
; 3.3-V LVCMOS ; 10 pF ; Not Available          ;
; 3.3-V PCI    ; 10 pF ; 25 Ohm (Parallel)      ;
; 2.5 V        ; 10 pF ; Not Available          ;
+--------------+-------+------------------------+
Note: User assignments will override these defaults. The user specified values are listed in the Output Pins and Bidir Pins tables.


+-------------------------------------------------------------------------------------+
; Fitter Resource Utilization by Entity                                               ;
+----------------------------+------------+------+---------------------+--------------+
; Compilation Hierarchy Node ; Macrocells ; Pins ; Full Hierarchy Name ; Library Name ;
+----------------------------+------------+------+---------------------+--------------+
; |mmc1                      ; 53         ; 59   ; |mmc1               ; work         ;
+----------------------------+------------+------+---------------------+--------------+


+-----------------------------------------------------------------------------------------------------+
; Control Signals                                                                                     ;
+--------------+----------+---------+--------------+--------+----------------------+------------------+
; Name         ; Location ; Fan-Out ; Usage        ; Global ; Global Resource Used ; Global Line Name ;
+--------------+----------+---------+--------------+--------+----------------------+------------------+
; cpu_addr[13] ; PIN_99   ; 20      ; Clock enable ; no     ; --                   ; --               ;
; cpu_addr[14] ; PIN_100  ; 27      ; Clock enable ; no     ; --                   ; --               ;
; cpu_data[7]  ; PIN_6    ; 24      ; Clock enable ; no     ; --                   ; --               ;
; cpu_rw       ; PIN_20   ; 26      ; Clock enable ; no     ; --                   ; --               ;
; m2           ; PIN_90   ; 24      ; Clock        ; yes    ; On                   ; --               ;
; r0[1]        ; LC17     ; 24      ; Clock enable ; no     ; --                   ; --               ;
; romsel       ; PIN_23   ; 36      ; Clock enable ; no     ; --                   ; --               ;
+--------------+----------+---------+--------------+--------+----------------------+------------------+


+---------------------------------------------------------------------+
; Global & Other Fast Signals                                         ;
+------+----------+---------+----------------------+------------------+
; Name ; Location ; Fan-Out ; Global Resource Used ; Global Line Name ;
+------+----------+---------+----------------------+------------------+
; m2   ; PIN_90   ; 24      ; On                   ; --               ;
+------+----------+---------+----------------------+------------------+


+---------------------------------+
; Non-Global High Fan-Out Signals ;
+-----------------------+---------+
; Name                  ; Fan-Out ;
+-----------------------+---------+
; romsel                ; 36      ;
; cpu_addr[14]          ; 27      ;
; cpu_rw                ; 26      ;
; cpu_data[7]           ; 24      ;
; r0[1]                 ; 24      ;
; cpu_addr[13]          ; 20      ;
; r1[2]                 ; 9       ;
; r1[3]                 ; 9       ;
; ppu_addr[12]          ; 5       ;
; r0[2]                 ; 5       ;
; r0[3]                 ; 5       ;
; r0[4]                 ; 5       ;
; r1[4]                 ; 5       ;
; r0[5]                 ; 5       ;
; cpu_data[0]           ; 4       ;
; prg_addr[17]$latch~6  ; 3       ;
; prg_addr[16]$latch~6  ; 3       ;
; prg_addr[15]$latch~6  ; 3       ;
; ppu_addr[13]          ; 2       ;
; ppu_addr[11]          ; 2       ;
; ppu_addr[10]          ; 2       ;
; prg_addr[14]$latch~6  ; 2       ;
; prg_addr[18]$latch~6  ; 2       ;
; r4[1]                 ; 2       ;
; r4[2]                 ; 2       ;
; r4[3]                 ; 2       ;
; prg_addr[13]$latch~6  ; 2       ;
; prg_addr[17]$latch~15 ; 1       ;
; prg_addr[16]$latch~15 ; 1       ;
; ppu_rd                ; 1       ;
; prg_addr[17]$latch~14 ; 1       ;
; prg_addr[16]$latch~14 ; 1       ;
; prg_addr[15]$latch~14 ; 1       ;
; ~VCC~1                ; 1       ;
; ~VCC~0                ; 1       ;
; ~GND~1                ; 1       ;
; ~GND~0                ; 1       ;
; Mux3~5                ; 1       ;
; chr_addr~36           ; 1       ;
; Mux4~7                ; 1       ;
; chr_addr~32           ; 1       ;
; r1[0]                 ; 1       ;
; r4[0]                 ; 1       ;
; r3[0]                 ; 1       ;
; r2[0]                 ; 1       ;
; chr_addr~28           ; 1       ;
; r1[1]                 ; 1       ;
; r3[1]                 ; 1       ;
; r2[1]                 ; 1       ;
; chr_addr~24           ; 1       ;
; chr_addr~20           ; 1       ;
; r3[2]                 ; 1       ;
; r2[2]                 ; 1       ;
; r2[4]                 ; 1       ;
; r2[3]                 ; 1       ;
; r3[4]                 ; 1       ;
; r3[3]                 ; 1       ;
; ppu_addr[13]~7        ; 1       ;
; romsel~1              ; 1       ;
; ppu_addr[11]~5        ; 1       ;
; ppu_addr[10]~3        ; 1       ;
; chr_oe~1              ; 1       ;
; prg_we~1              ; 1       ;
; prg_oe~1              ; 1       ;
+-----------------------+---------+


+-------------------------------------------------+
; Other Routing Usage Summary                     ;
+-----------------------------+-------------------+
; Other Routing Resource Type ; Usage             ;
+-----------------------------+-------------------+
; Output enables              ; 0 / 6 ( 0 % )     ;
; PIA buffers                 ; 61 / 144 ( 42 % ) ;
+-----------------------------+-------------------+


+-----------------------------------------------------------------------+
; LAB Macrocells                                                        ;
+-----------------------------------------+-----------------------------+
; Number of Macrocells  (Average = 13.25) ; Number of LABs  (Total = 4) ;
+-----------------------------------------+-----------------------------+
; 0                                       ; 0                           ;
; 1                                       ; 0                           ;
; 2                                       ; 0                           ;
; 3                                       ; 0                           ;
; 4                                       ; 0                           ;
; 5                                       ; 0                           ;
; 6                                       ; 1                           ;
; 7                                       ; 0                           ;
; 8                                       ; 0                           ;
; 9                                       ; 0                           ;
; 10                                      ; 0                           ;
; 11                                      ; 0                           ;
; 12                                      ; 0                           ;
; 13                                      ; 0                           ;
; 14                                      ; 0                           ;
; 15                                      ; 1                           ;
; 16                                      ; 2                           ;
+-----------------------------------------+-----------------------------+


+---------------------------------------------------------+
; Parallel Expander                                       ;
+--------------------------+------------------------------+
; Parallel Expander Length ; Number of Parallel Expanders ;
+--------------------------+------------------------------+
; 0                        ; 0                            ;
; 1                        ; 3                            ;
+--------------------------+------------------------------+


+----------------------------------------------------------------------------------------------------------------------------------------------------------------------------------------------------------------------------------------------------------------------------------------+
; Logic Cell Interconnection                                                                                                                                                                                                                                                             ;
+-----+------------+----------------------------------------------------------------------------------------+----------------------------------------------------------------------------------------------------------------------------------------------------------------------------+
; LAB ; Logic Cell ; Input                                                                                  ; Output                                                                                                                                                                     ;
+-----+------------+----------------------------------------------------------------------------------------+----------------------------------------------------------------------------------------------------------------------------------------------------------------------------+
;  A  ; LC12       ; romsel, cpu_rw                                                                         ; prg_oe                                                                                                                                                                     ;
;  A  ; LC16       ; romsel, cpu_rw                                                                         ; prg_we                                                                                                                                                                     ;
;  A  ; LC3        ; m2, r0[5], cpu_addr[14], cpu_addr[13], cpu_rw, r0[1], romsel, cpu_data[7]              ; prg_addr[17]$latch~6, prg_addr[17]$latch~14                                                                                                                                ;
;  A  ; LC4        ; m2, r0[5], r0[1], romsel, cpu_data[7], cpu_rw                                          ; r2[2], r3[2], r4[2], r0[3], r1[2]                                                                                                                                          ;
;  A  ; LC2        ; m2, r0[4], cpu_addr[14], cpu_addr[13], cpu_rw, r0[1], romsel, cpu_data[7]              ; chr_addr~28                                                                                                                                                                ;
;  A  ; LC11       ; romsel                                                                                 ; prg_ce                                                                                                                                                                     ;
;  A  ; LC15       ; prg_addr[17]$latch~6                                                                   ; prg_addr[17]                                                                                                                                                               ;
;  A  ; LC8        ; r4[0], r1[2], r1[3], cpu_addr[14]                                                      ; prg_addr[14]$latch~6                                                                                                                                                       ;
;  A  ; LC13       ; cpu_addr[13], romsel, prg_addr[13]$latch~6                                             ; prg_addr[13]$latch~6, prg_addr[13]                                                                                                                                         ;
;  A  ; LC5        ; romsel, prg_addr[17]$latch~6, cpu_addr[14], r4[3], r1[2], r1[3]                        ; prg_addr[17]$latch~6                                                                                                                                                       ;
;  A  ; LC7        ; m2, r0[5], cpu_addr[13], cpu_addr[14], cpu_rw, r0[1], romsel, cpu_data[7]              ; chr_addr~20                                                                                                                                                                ;
;  A  ; LC1        ; m2, r0[5], cpu_rw, r0[1], cpu_addr[13], cpu_addr[14], r1[3], romsel, cpu_data[7]       ; r1[3], Mux3~5, prg_addr[18]$latch~6, prg_addr[15]$latch~6, prg_addr[15]$latch~14, prg_addr[16]$latch~6, prg_addr[16]$latch~14, prg_addr[17]$latch~6, prg_addr[17]$latch~14 ;
;  A  ; LC6        ; prg_addr[17]$latch~14, romsel, prg_addr[17]$latch~6, cpu_addr[14], r1[2], r1[3], r4[3] ; prg_addr[17]$latch~6, prg_addr[17]$latch~14, prg_addr[17]$latch~15                                                                                                         ;
;  A  ; LC10       ; m2, r0[5], cpu_addr[14], cpu_addr[13], cpu_rw, r0[1], romsel, cpu_data[7]              ; chr_addr~20                                                                                                                                                                ;
;  A  ; LC14       ; Mux3~5, romsel, prg_addr[14]$latch~6                                                   ; prg_addr[14]$latch~6, prg_addr[14]                                                                                                                                         ;
;  B  ; LC31       ; m2, r0[2], cpu_addr[14], cpu_addr[13], cpu_rw, r0[1], romsel, cpu_data[7]              ; Mux3~5                                                                                                                                                                     ;
;  B  ; LC29       ; m2, r0[2], cpu_rw, r0[1], romsel, cpu_data[7], cpu_addr[13], cpu_addr[14]              ; Mux4~7                                                                                                                                                                     ;
;  B  ; LC22       ; ppu_addr[10], r1[1], r1[0], ppu_addr[11]                                               ; ciram_a10                                                                                                                                                                  ;
;  B  ; LC17       ; m2, r0[2], r0[1], romsel, cpu_data[7], cpu_rw                                          ; r0[1], r0[5], r3[3], r3[4], r1[4], r2[3], r2[4], r4[3], r0[4], r2[2], r3[2], r4[2], r1[3], r0[3], r2[1], r3[1], r4[1], r1[1], r1[2], r0[2], r2[0], r3[0], r4[0], r1[0]     ;
;  B  ; LC18       ; m2, cpu_data[0], r0[1], romsel, cpu_data[7], cpu_rw                                    ; r3[3], r2[3], r4[3], r0[4], r1[3]                                                                                                                                          ;
;  B  ; LC19       ; m2, cpu_data[0], cpu_addr[13], cpu_addr[14], cpu_rw, r0[1], romsel, cpu_data[7]        ; chr_addr~24                                                                                                                                                                ;
;  B  ; LC26       ; m2, r0[3], cpu_addr[14], cpu_addr[13], cpu_rw, r0[1], romsel, cpu_data[7]              ; prg_addr[15]$latch~6, prg_addr[15]$latch~14                                                                                                                                ;
;  B  ; LC28       ; m2, cpu_data[0], cpu_addr[14], cpu_addr[13], cpu_rw, r0[1], romsel, cpu_data[7]        ; chr_addr~24                                                                                                                                                                ;
;  B  ; LC27       ;                                                                                        ; irq                                                                                                                                                                        ;
;  B  ; LC23       ; m2, r0[3], cpu_addr[14], cpu_addr[13], cpu_rw, r0[1], romsel, cpu_data[7]              ; chr_addr~32                                                                                                                                                                ;
;  B  ; LC25       ; m2, r0[3], cpu_addr[13], cpu_addr[14], cpu_rw, r0[1], romsel, cpu_data[7]              ; chr_addr~32                                                                                                                                                                ;
;  B  ; LC20       ; m2, cpu_data[0], cpu_rw, r0[1], romsel, cpu_data[7], cpu_addr[13], cpu_addr[14]        ; chr_addr~20, chr_addr~24, chr_addr~28, chr_addr~32, chr_addr~36                                                                                                            ;
;  B  ; LC21       ; m2, r0[3], cpu_rw, r0[1], romsel, cpu_data[7], cpu_addr[13], cpu_addr[14]              ; Mux4~7                                                                                                                                                                     ;
;  B  ; LC32       ; m2, r0[3], r0[1], romsel, cpu_data[7], cpu_rw                                          ; r0[1], r2[0], r3[0], r4[0], r1[0]                                                                                                                                          ;
;  B  ; LC24       ; m2, r0[2], cpu_addr[14], cpu_addr[13], cpu_rw, r0[1], romsel, cpu_data[7]              ; chr_addr~36                                                                                                                                                                ;
;  B  ; LC30       ; m2, r0[2], cpu_addr[13], cpu_addr[14], cpu_rw, r0[1], romsel, cpu_data[7]              ; chr_addr~36                                                                                                                                                                ;
;  C  ; LC42       ; r2[0], ppu_addr[12], r1[4], r3[0]                                                      ; chr_addr[12]                                                                                                                                                               ;
;  C  ; LC44       ; r3[4], r1[4], ppu_addr[12], r2[4]                                                      ; chr_addr[16]                                                                                                                                                               ;
;  C  ; LC43       ; r3[3], r1[4], ppu_addr[12], r2[3]                                                      ; chr_addr[15]                                                                                                                                                               ;
;  C  ; LC47       ;                                                                                        ; chr_addr[17]                                                                                                                                                               ;
;  C  ; LC45       ;                                                                                        ; chr_addr[18]                                                                                                                                                               ;
;  C  ; LC46       ;                                                                                        ; chr_we                                                                                                                                                                     ;
;  D  ; LC54       ; ppu_rd, ppu_addr[13]                                                                   ; chr_oe                                                                                                                                                                     ;
;  D  ; LC55       ; ppu_addr[10]                                                                           ; chr_addr[10]                                                                                                                                                               ;
;  D  ; LC52       ; ppu_addr[11]                                                                           ; chr_addr[11]                                                                                                                                                               ;
;  D  ; LC57       ; ppu_addr[13]                                                                           ; chr_ce                                                                                                                                                                     ;
;  D  ; LC53       ; m2, r0[4], cpu_addr[13], cpu_addr[14], cpu_rw, r0[1], romsel, cpu_data[7]              ; chr_addr~28                                                                                                                                                                ;
;  D  ; LC51       ; m2, r0[4], cpu_rw, r0[1], cpu_addr[13], cpu_addr[14], r1[2], romsel, cpu_data[7]       ; r1[2], Mux3~5, prg_addr[18]$latch~6, prg_addr[15]$latch~6, prg_addr[15]$latch~14, prg_addr[16]$latch~6, prg_addr[16]$latch~14, prg_addr[17]$latch~6, prg_addr[17]$latch~14 ;
;  D  ; LC64       ; romsel, prg_addr[18]$latch~6, r1[3], cpu_addr[14], r1[2]                               ; prg_addr[18]$latch~6, prg_addr[18]                                                                                                                                         ;
;  D  ; LC62       ; prg_addr[15]$latch~14, romsel, prg_addr[15]$latch~6, cpu_addr[14], r1[2], r1[3], r4[1] ; prg_addr[15]$latch~6, prg_addr[15], prg_addr[15]$latch~14                                                                                                                  ;
;  D  ; LC60       ; prg_addr[16]$latch~14, romsel, prg_addr[16]$latch~6, cpu_addr[14], r1[2], r1[3], r4[2] ; prg_addr[16]$latch~6, prg_addr[16]$latch~14, prg_addr[16]$latch~15                                                                                                         ;
;  D  ; LC58       ; m2, r0[4], r0[1], romsel, cpu_data[7], cpu_rw                                          ; r2[1], r3[1], r4[1], r1[1], r0[2]                                                                                                                                          ;
;  D  ; LC49       ; r3[2], r1[4], ppu_addr[12], r2[2]                                                      ; chr_addr[14]                                                                                                                                                               ;
;  D  ; LC50       ; r3[1], r1[4], ppu_addr[12], r2[1]                                                      ; chr_addr[13]                                                                                                                                                               ;
;  D  ; LC61       ; romsel, prg_addr[15]$latch~6, cpu_addr[14], r4[1], r1[2], r1[3]                        ; prg_addr[15]$latch~6                                                                                                                                                       ;
;  D  ; LC59       ; romsel, prg_addr[16]$latch~6, cpu_addr[14], r4[2], r1[2], r1[3]                        ; prg_addr[16]$latch~6                                                                                                                                                       ;
;  D  ; LC56       ; m2, r0[4], cpu_addr[14], cpu_addr[13], cpu_rw, r0[1], romsel, cpu_data[7]              ; prg_addr[16]$latch~6, prg_addr[16]$latch~14                                                                                                                                ;
;  D  ; LC63       ; prg_addr[16]$latch~6                                                                   ; prg_addr[16]                                                                                                                                                               ;
+-----+------------+----------------------------------------------------------------------------------------+----------------------------------------------------------------------------------------------------------------------------------------------------------------------------+


+---------------------------------------------------------------+
; Fitter Device Options                                         ;
+----------------------------------------------+----------------+
; Option                                       ; Setting        ;
+----------------------------------------------+----------------+
; Enable user-supplied start-up clock (CLKUSR) ; Off            ;
; Enable device-wide reset (DEV_CLRn)          ; Off            ;
; Enable device-wide output enable (DEV_OE)    ; Off            ;
; Enable INIT_DONE output                      ; Off            ;
; Configuration scheme                         ; Passive Serial ;
; Security bit                                 ; Off            ;
; Base pin-out file on sameframe device        ; Off            ;
+----------------------------------------------+----------------+


+-----------------+
; Fitter Messages ;
+-----------------+
Warning (20028): Parallel compilation is not licensed and has been disabled
Info (119006): Selected device EPM3064ATC100-10 for design "mmc1"
Warning (15705): Ignored locations or region assignments to the following nodes
    Warning (15706): Node "power_led" is assigned to location or region, but does not exist in design
Warning (163076): Macrocell buffer inserted after node "prg_addr[16]$latch~6"
Warning (163076): Macrocell buffer inserted after node "prg_addr[17]$latch~6"
Info: Quartus II 64-Bit Fitter was successful. 0 errors, 5 warnings
    Info: Peak virtual memory: 4676 megabytes
    Info: Processing ended: Tue Nov 05 18:17:39 2024
    Info: Elapsed time: 00:00:01
    Info: Total CPU time (on all processors): 00:00:01


