Flow report for mmc1
Sun Nov 10 17:03:10 2024
Quartus II 64-Bit Version 13.0.1 Build 232 06/12/2013 Service Pack 1 SJ Web Edition


---------------------
; Table of Contents ;
---------------------
  1. Legal Notice
  2. Flow Summary
  3. Flow Settings
  4. Flow Non-Default Global Settings
  5. Flow Elapsed Time
  6. Flow OS Summary
  7. Flow Log
  8. Flow Messages
  9. Flow Suppressed Messages



----------------
; Legal Notice ;
----------------
Copyright (C) 1991-2013 Altera Corporation
Your use of Altera Corporation's design tools, logic functions 
and other software and tools, and its AMPP partner logic 
functions, and any output files from any of the foregoing 
(including device programming or simulation files), and any 
associated documentation or information are expressly subject 
to the terms and conditions of the Altera Program License 
Subscription Agreement, Altera MegaCore Function License 
Agreement, or other applicable license agreement, including, 
without limitation, that your use is for the sole purpose of 
programming logic devices manufactured by Altera and sold by 
Altera or its authorized distributors.  Please refer to the 
applicable agreement for further details.



+-----------------------------------------------------------------------------+
; Flow Summary                                                                ;
+---------------------------+-------------------------------------------------+
; Flow Status               ; Successful - Sun Nov 10 17:03:10 2024           ;
; Quartus II 64-Bit Version ; 13.0.1 Build 232 06/12/2013 SP 1 SJ Web Edition ;
; Revision Name             ; mmc1                                            ;
; Top-level Entity Name     ; mmc1                                            ;
; Family                    ; MAX II                                          ;
; Device                    ; EPM240T100C5                                    ;
; Timing Models             ; Final                                           ;
; Total logic elements      ; 41 / 240 ( 17 % )                               ;
; Total pins                ; 55 / 80 ( 69 % )                                ;
; Total virtual pins        ; 0                                               ;
; UFM blocks                ; 0 / 1 ( 0 % )                                   ;
+---------------------------+-------------------------------------------------+


+-----------------------------------------+
; Flow Settings                           ;
+-------------------+---------------------+
; Option            ; Setting             ;
+-------------------+---------------------+
; Start date & time ; 11/10/2024 17:03:01 ;
; Main task         ; Compilation         ;
; Revision Name     ; mmc1                ;
+-------------------+---------------------+


+------------------------------------------------------------------------------------------------------------------------+
; Flow Non-Default Global Settings                                                                                       ;
+---------------------------------+---------------------------------+---------------+-------------+----------------------+
; Assignment Name                 ; Value                           ; Default Value ; Entity Name ; Section Id           ;
+---------------------------------+---------------------------------+---------------+-------------+----------------------+
; COMPILER_SIGNATURE_ID           ; 136902966898247.173125098108636 ; --            ; --          ; --                   ;
; EDA_DESIGN_ENTRY_SYNTHESIS_TOOL ; Custom                          ; <None>        ; --          ; --                   ;
; EDA_INPUT_DATA_FORMAT           ; Verilog Hdl                     ; --            ; --          ; eda_design_synthesis ;
; MAX_CORE_JUNCTION_TEMP          ; 85                              ; --            ; --          ; --                   ;
; MIN_CORE_JUNCTION_TEMP          ; 0                               ; --            ; --          ; --                   ;
; PROJECT_OUTPUT_DIRECTORY        ; output_files                    ; --            ; --          ; --                   ;
+---------------------------------+---------------------------------+---------------+-------------+----------------------+


+-------------------------------------------------------------------------------------------------------------------------------+
; Flow Elapsed Time                                                                                                             ;
+---------------------------+--------------+-------------------------+---------------------+------------------------------------+
; Module Name               ; Elapsed Time ; Average Processors Used ; Peak Virtual Memory ; Total CPU Time (on all processors) ;
+---------------------------+--------------+-------------------------+---------------------+------------------------------------+
; Analysis & Synthesis      ; 00:00:01     ; 1.0                     ; 4561 MB             ; 00:00:01                           ;
; Fitter                    ; 00:00:02     ; 1.0                     ; 4759 MB             ; 00:00:02                           ;
; Assembler                 ; 00:00:01     ; 1.0                     ; 4509 MB             ; 00:00:01                           ;
; TimeQuest Timing Analyzer ; 00:00:01     ; 1.0                     ; 4517 MB             ; 00:00:01                           ;
; Total                     ; 00:00:05     ; --                      ; --                  ; 00:00:05                           ;
+---------------------------+--------------+-------------------------+---------------------+------------------------------------+


+----------------------------------------------------------------------------------------+
; Flow OS Summary                                                                        ;
+---------------------------+------------------+-----------+------------+----------------+
; Module Name               ; Machine Hostname ; OS Name   ; OS Version ; Processor type ;
+---------------------------+------------------+-----------+------------+----------------+
; Analysis & Synthesis      ; desktop          ; Windows 7 ; 6.2        ; x86_64         ;
; Fitter                    ; desktop          ; Windows 7 ; 6.2        ; x86_64         ;
; Assembler                 ; desktop          ; Windows 7 ; 6.2        ; x86_64         ;
; TimeQuest Timing Analyzer ; desktop          ; Windows 7 ; 6.2        ; x86_64         ;
+---------------------------+------------------+-----------+------------+----------------+


------------
; Flow Log ;
------------
quartus_map --read_settings_files=on --write_settings_files=off mmc1 -c mmc1
quartus_fit --read_settings_files=off --write_settings_files=off mmc1 -c mmc1
quartus_asm --read_settings_files=off --write_settings_files=off mmc1 -c mmc1
quartus_sta mmc1 -c mmc1
quartus_eda --read_settings_files=off --write_settings_files=off mmc1 -c mmc1



